CompiledProgram {cpTimeout = 60, cpVersion = "The CompCert C verified compiler, version 3.2\n", cpOutput = "", cpError = "/tmp/csmith-generated-227-68632.c:750: warning: comparison of distinct pointer types ('int8_t *' and 'uint8_t *') [-Wcompare-distinct-pointer-types]\n/tmp/csmith-generated-227-68632.c:1463: warning: comparison of distinct pointer types ('uint16_t *' and 'int16_t *') [-Wcompare-distinct-pointer-types]\n", cpRunningTime = 5.508106s, cpExecutablePath = Just "/tmp/ccomp_default-227-68634", cpCompilerTag = "ccomp_default"}