ExecutionWithChecksum {ewcTimeout = 60, ewcOutput = "checksum = 9C4C322C\n", ewcError = "", ewcChecksum = Just 2622239276, ewcRunningTime = 0.506386s, ewcExecutablePath = "/tmp/clang_default-227-68633"}