GeneratedProgram {gpTimeout = 10, gpSeed = Just 7031376, gpArguments = ["--no-packed-struct"], gpVersion = "csmith 2.3.0\nGit version: 30dccd7\n", gpOptions = Just "--no-packed-struct", gpProgramPath = "/tmp/csmith-generated-227-68632.c", gpRunningTime = -2.016465s}