ExecutionWithChecksum {ewcTimeout = 60, ewcOutput = "checksum = F75F0754\n", ewcError = "", ewcChecksum = Just 4150200148, ewcRunningTime = 0.506576s, ewcExecutablePath = "/tmp/ccomp_default-3001-5396"}