CompiledProgram {cpTimeout = 10, cpVersion = "gcc (Ubuntu 4.8.4-2ubuntu1~14.04.4) 4.8.4\nCopyright (C) 2013 Free Software Foundation, Inc.\nThis is free software; see the source for copying conditions.  There is NO\nwarranty; not even for MERCHANTABILITY or FITNESS FOR A PARTICULAR PURPOSE.\n\n", cpOutput = "", cpError = "/tmp/csmith-generated-3001-5394.c:71:1: warning: large integer implicitly truncated to unsigned type [-Woverflow]\n static uint32_t g_237[7][5][7] = {{{0x9BB4E8AFL,0xF47E55B5L,0x67DED8AAL,0xE6B5D3E5L,0xE6B5D3E5L,0x67DED8AAL,0xF47E55B5L},{0x9BB4E8AFL,5UL,0x69FDC448L,0x9BB4E8AFL,0UL,0UL,0x9BB4E8AFL},{0x69FDC448L,0xF47E55B5L,0x69FDC448L,0UL,0xF47E55B5L,5UL,5UL},{0xF47E55B5L,0x9BB4E8AFL,0x67DED8AAL,0x9BB4E8AFL,0xF47E55B5L,0x67DED8AAL,0xE6B5D3E5L},{0xE6B5D3E5L,5UL,0UL,0xE6B5D3E5L,0UL,5UL,0xE6B5D3E5L}},{{0x69FDC448L,0xE6B5D3E5L,5UL,0UL,0xE6B5D3E5L,0UL,5UL},{0xE6B5D3E5L,0xE6B5D3E5L,0x67DED8AAL,0xF47E55B5L,0x9BB4E8AFL,0x67DED8AAL,0x9BB4E8AFL},{0xF47E55B5L,5UL,5UL,0xF47E55B5L,0UL,0x69FDC448L,0xF47E55B5L},{0x69FDC448L,0x9BB4E8AFL,0UL,0UL,0x9BB4E8AFL,0x69FDC448L,5UL},{0x9BB4E8AFL,0xF47E55B5L,0x67DED8AAL,0xE6B5D3E5L,0xE6B5D3E5L,0x67DED8AAL,0xF47E55B5L}},{{0x9BB4E8AFL,5UL,0x69FDC448L,0x9BB4E8AFL,0UL,0UL,0x9BB4E8AFL},{0x69FDC448L,0xF47E55B5L,0x69FDC448L,0UL,5UL,0x67DED8AAL,0x67DED8AAL},{5UL,0UL,0xE6B5D3E5L,0UL,5UL,0xE6B5D3E5L,0x69FDC448L},{0x69FDC448L,0x67DED8AAL,18446744073709551612UL,0x69FDC448L,18446744073709551612UL,0x67DED8AAL,0x69FDC448L},{18446744073709551615UL,0x69FDC448L,0x67DED8AAL,18446744073709551612UL,0x69FDC448L,18446744073709551612UL,0x67DED8AAL}},{{0x69FDC448L,0x69FDC448L,0xE6B5D3E5L,5UL,0UL,0xE6B5D3E5L,0UL},{5UL,0x67DED8AAL,0x67DED8AAL,5UL,18446744073709551612UL,18446744073709551615UL,5UL},{18446744073709551615UL,0UL,18446744073709551612UL,18446744073709551612UL,0UL,18446744073709551615UL,0x67DED8AAL},{0UL,5UL,0xE6B5D3E5L,0x69FDC448L,0x69FDC448L,0xE6B5D3E5L,5UL},{0UL,0x67DED8AAL,18446744073709551615UL,0UL,18446744073709551612UL,18446744073709551612UL,0UL}},{{18446744073709551615UL,5UL,18446744073709551615UL,18446744073709551612UL,5UL,0x67DED8AAL,0x67DED8AAL},{5UL,0UL,0xE6B5D3E5L,0UL,5UL,0xE6B5D3E5L,0x69FDC448L},{0x69FDC448L,0x67DED8AAL,18446744073709551612UL,0x69FDC448L,18446744073709551612UL,0x67DED8AAL,0x69FDC448L},{18446744073709551615UL,0x69FDC448L,0x67DED8AAL,18446744073709551612UL,0x69FDC448L,18446744073709551612UL,0x67DED8AAL},{0x69FDC448L,0x69FDC448L,0xE6B5D3E5L,5UL,0UL,0xE6B5D3E5L,0UL}},{{5UL,0x67DED8AAL,0x67DED8AAL,5UL,18446744073709551612UL,18446744073709551615UL,5UL},{18446744073709551615UL,0UL,18446744073709551612UL,18446744073709551612UL,0UL,18446744073709551615UL,0x67DED8AAL},{0UL,5UL,0xE6B5D3E5L,0x69FDC448L,0x69FDC448L,0xE6B5D3E5L,5UL},{0UL,0x67DED8AAL,18446744073709551615UL,0UL,18446744073709551612UL,18446744073709551612UL,0UL},{18446744073709551615UL,5UL,18446744073709551615UL,18446744073709551612UL,5UL,0x67DED8AAL,0x67DED8AAL}},{{5UL,0UL,0xE6B5D3E5L,0UL,5UL,0xE6B5D3E5L,0x69FDC448L},{0x69FDC448L,0x67DED8AAL,18446744073709551612UL,0x69FDC448L,18446744073709551612UL,0x67DED8AAL,0x69FDC448L},{18446744073709551615UL,0x69FDC448L,0x67DED8AAL,18446744073709551612UL,0x69FDC448L,18446744073709551612UL,0x67DED8AAL},{0x69FDC448L,0x69FDC448L,0xE6B5D3E5L,5UL,0UL,0xE6B5D3E5L,0UL},{5UL,0x67DED8AAL,0x67DED8AAL,5UL,18446744073709551612UL,18446744073709551615UL,5UL}}};\n ^\n/tmp/csmith-generated-3001-5394.c:71:1: warning: large integer implicitly truncated to unsigned type [-Woverflow]\n/tmp/csmith-generated-3001-5394.c:71:1: warning: large integer implicitly truncated to unsigned type [-Woverflow]\n/tmp/csmith-generated-3001-5394.c:71:1: warning: large integer implicitly truncated to unsigned type [-Woverflow]\n/tmp/csmith-generated-3001-5394.c:71:1: warning: large integer implicitly truncated to unsigned type [-Woverflow]\n/tmp/csmith-generated-3001-5394.c:71:1: warning: large integer implicitly truncated to unsigned type [-Woverflow]\n/tmp/csmith-generated-3001-5394.c:71:1: warning: large integer implicitly truncated to unsigned type [-Woverflow]\n/tmp/csmith-generated-3001-5394.c:71:1: warning: large integer implicitly truncated to unsigned type [-Woverflow]\n/tmp/csmith-generated-3001-5394.c:71:1: warning: large integer implicitly truncated to unsigned type [-Woverflow]\n/tmp/csmith-generated-3001-5394.c:71:1: warning: large integer implicitly truncated to unsigned type [-Woverflow]\n/tmp/csmith-generated-3001-5394.c:71:1: warning: large integer implicitly truncated to unsigned type [-Woverflow]\n/tmp/csmith-generated-3001-5394.c:71:1: warning: large integer implicitly truncated to unsigned type [-Woverflow]\n/tmp/csmith-generated-3001-5394.c:71:1: warning: large integer implicitly truncated to unsigned type [-Woverflow]\n/tmp/csmith-generated-3001-5394.c:71:1: warning: large integer implicitly truncated to unsigned type [-Woverflow]\n/tmp/csmith-generated-3001-5394.c:71:1: warning: large integer implicitly truncated to unsigned type [-Woverflow]\n/tmp/csmith-generated-3001-5394.c:71:1: warning: large integer implicitly truncated to unsigned type [-Woverflow]\n/tmp/csmith-generated-3001-5394.c:71:1: warning: large integer implicitly truncated to unsigned type [-Woverflow]\n/tmp/csmith-generated-3001-5394.c:71:1: warning: large integer implicitly truncated to unsigned type [-Woverflow]\n/tmp/csmith-generated-3001-5394.c:71:1: warning: large integer implicitly truncated to unsigned type [-Woverflow]\n/tmp/csmith-generated-3001-5394.c:71:1: warning: large integer implicitly truncated to unsigned type [-Woverflow]\n/tmp/csmith-generated-3001-5394.c:71:1: warning: large integer implicitly truncated to unsigned type [-Woverflow]\n/tmp/csmith-generated-3001-5394.c:71:1: warning: large integer implicitly truncated to unsigned type [-Woverflow]\n/tmp/csmith-generated-3001-5394.c:71:1: warning: large integer implicitly truncated to unsigned type [-Woverflow]\n/tmp/csmith-generated-3001-5394.c:71:1: warning: large integer implicitly truncated to unsigned type [-Woverflow]\n/tmp/csmith-generated-3001-5394.c:71:1: warning: large integer implicitly truncated to unsigned type [-Woverflow]\n/tmp/csmith-generated-3001-5394.c:71:1: warning: large integer implicitly truncated to unsigned type [-Woverflow]\n/tmp/csmith-generated-3001-5394.c:71:1: warning: large integer implicitly truncated to unsigned type [-Woverflow]\n/tmp/csmith-generated-3001-5394.c:71:1: warning: large integer implicitly truncated to unsigned type [-Woverflow]\n/tmp/csmith-generated-3001-5394.c:71:1: warning: large integer implicitly truncated to unsigned type [-Woverflow]\n/tmp/csmith-generated-3001-5394.c:71:1: warning: large integer implicitly truncated to unsigned type [-Woverflow]\n/tmp/csmith-generated-3001-5394.c:71:1: warning: large integer implicitly truncated to unsigned type [-Woverflow]\n/tmp/csmith-generated-3001-5394.c:71:1: warning: large integer implicitly truncated to unsigned type [-Woverflow]\n/tmp/csmith-generated-3001-5394.c:71:1: warning: large integer implicitly truncated to unsigned type [-Woverflow]\n/tmp/csmith-generated-3001-5394.c:71:1: warning: large integer implicitly truncated to unsigned type [-Woverflow]\n/tmp/csmith-generated-3001-5394.c:71:1: warning: large integer implicitly truncated to unsigned type [-Woverflow]\n/tmp/csmith-generated-3001-5394.c:71:1: warning: large integer implicitly truncated to unsigned type [-Woverflow]\n/tmp/csmith-generated-3001-5394.c:71:1: warning: large integer implicitly truncated to unsigned type [-Woverflow]\n/tmp/csmith-generated-3001-5394.c:71:1: warning: large integer implicitly truncated to unsigned type [-Woverflow]\n/tmp/csmith-generated-3001-5394.c:71:1: warning: large integer implicitly truncated to unsigned type [-Woverflow]\n/tmp/csmith-generated-3001-5394.c:71:1: warning: large integer implicitly truncated to unsigned type [-Woverflow]\n/tmp/csmith-generated-3001-5394.c:71:1: warning: large integer implicitly truncated to unsigned type [-Woverflow]\n/tmp/csmith-generated-3001-5394.c:105:14: warning: large integer implicitly truncated to unsigned type [-Woverflow]\n static union U1 g_762 = {18446744073709551611UL};/* VOLATILE GLOBAL g_762 */\n              ^\n/tmp/csmith-generated-3001-5394.c:114:14: warning: large integer implicitly truncated to unsigned type [-Woverflow]\n static union U1 g_771[6] = {{18446744073709551606UL},{0x0349BA0AL},{18446744073709551606UL},{18446744073709551606UL},{0x0349BA0AL},{18446744073709551606UL}};\n              ^\n/tmp/csmith-generated-3001-5394.c:114:14: warning: large integer implicitly truncated to unsigned type [-Woverflow]\n/tmp/csmith-generated-3001-5394.c:114:14: warning: large integer implicitly truncated to unsigned type [-Woverflow]\n/tmp/csmith-generated-3001-5394.c:114:14: warning: large integer implicitly truncated to unsigned type [-Woverflow]\n/tmp/csmith-generated-3001-5394.c:117:14: warning: large integer implicitly truncated to unsigned type [-Woverflow]\n static union U1 g_774 = {18446744073709551614UL};/* VOLATILE GLOBAL g_774 */\n              ^\n/tmp/csmith-generated-3001-5394.c:119:14: warning: large integer implicitly truncated to unsigned type [-Woverflow]\n static union U1 g_776 = {18446744073709551614UL};/* VOLATILE GLOBAL g_776 */\n              ^\n/tmp/csmith-generated-3001-5394.c:122:14: warning: large integer implicitly truncated to unsigned type [-Woverflow]\n static union U1 g_779[9][8][3] = {{{{18446744073709551613UL},{18446744073709551615UL},{0x8A7AB895L}},{{0x8A7AB895L},{0xEC0DD810L},{18446744073709551611UL}},{{0x722565CBL},{0UL},{0UL}},{{0x8A7AB895L},{2UL},{18446744073709551615UL}},{{18446744073709551613UL},{0x62160BC1L},{0UL}},{{0x5570613DL},{18446744073709551615UL},{0x74A46C9CL}},{{0UL},{18446744073709551613UL},{0x06D18D07L}},{{0x05FE76ACL},{0xFA41A44EL},{0x509B6846L}}},{{{0x4A5A23DAL},{0xC9B229A5L},{0x06D18D07L}},{{0UL},{18446744073709551611UL},{0x74A46C9CL}},{{0x89144CFCL},{0x314B616AL},{8UL}},{{0x89144CFCL},{0x6D7B66B1L},{0x4A5A23DAL}},{{0UL},{8UL},{1UL}},{{0x4A5A23DAL},{1UL},{1UL}},{{0x05FE76ACL},{8UL},{5UL}},{{0UL},{0x6D7B66B1L},{0UL}}},{{{0x5570613DL},{0x314B616AL},{0UL}},{{0x06D18D07L},{18446744073709551611UL},{5UL}},{{5UL},{0xC9B229A5L},{1UL}},{{1UL},{0xFA41A44EL},{1UL}},{{5UL},{18446744073709551613UL},{0x4A5A23DAL}},{{0x06D18D07L},{18446744073709551615UL},{8UL}},{{0x5570613DL},{18446744073709551615UL},{0x74A46C9CL}},{{0UL},{18446744073709551613UL},{0x06D18D07L}}},{{{0x05FE76ACL},{0xFA41A44EL},{0x509B6846L}},{{0x4A5A23DAL},{0xC9B229A5L},{0x06D18D07L}},{{0UL},{18446744073709551611UL},{0x74A46C9CL}},{{0x89144CFCL},{0x314B616AL},{8UL}},{{0x89144CFCL},{0x6D7B66B1L},{0x4A5A23DAL}},{{0UL},{8UL},{1UL}},{{0x4A5A23DAL},{1UL},{1UL}},{{0x05FE76ACL},{8UL},{5UL}}},{{{0UL},{0x6D7B66B1L},{0UL}},{{0x5570613DL},{0x314B616AL},{0UL}},{{0x06D18D07L},{18446744073709551611UL},{5UL}},{{5UL},{0xC9B229A5L},{1UL}},{{1UL},{0xFA41A44EL},{1UL}},{{5UL},{18446744073709551613UL},{0x4A5A23DAL}},{{0x06D18D07L},{18446744073709551615UL},{8UL}},{{0x5570613DL},{18446744073709551615UL},{0x74A46C9CL}}},{{{0UL},{18446744073709551613UL},{0x06D18D07L}},{{0x05FE76ACL},{0xFA41A44EL},{0x509B6846L}},{{0x4A5A23DAL},{0xC9B229A5L},{0x06D18D07L}},{{0UL},{18446744073709551611UL},{0x74A46C9CL}},{{0x89144CFCL},{0x314B616AL},{8UL}},{{0x89144CFCL},{0x6D7B66B1L},{0x4A5A23DAL}},{{0UL},{8UL},{1UL}},{{0x4A5A23DAL},{1UL},{1UL}}},{{{0x05FE76ACL},{8UL},{5UL}},{{0UL},{0x6D7B66B1L},{0UL}},{{0x5570613DL},{0x314B616AL},{0UL}},{{0x06D18D07L},{18446744073709551611UL},{5UL}},{{5UL},{0xC9B229A5L},{1UL}},{{1UL},{0xFA41A44EL},{1UL}},{{5UL},{18446744073709551613UL},{0x4A5A23DAL}},{{0x06D18D07L},{18446744073709551615UL},{8UL}}},{{{0x5570613DL},{18446744073709551615UL},{0x74A46C9CL}},{{0UL},{18446744073709551613UL},{0x06D18D07L}},{{0x05FE76ACL},{0xFA41A44EL},{0x509B6846L}},{{0x4A5A23DAL},{0xC9B229A5L},{0x06D18D07L}},{{0UL},{18446744073709551611UL},{0x74A46C9CL}},{{0x89144CFCL},{0x314B616AL},{8UL}},{{0x89144CFCL},{0x6D7B66B1L},{0x4A5A23DAL}},{{0UL},{8UL},{1UL}}},{{{0x4A5A23DAL},{1UL},{1UL}},{{0x05FE76ACL},{8UL},{5UL}},{{0UL},{0x6D7B66B1L},{0UL}},{{0x5570613DL},{0x314B616AL},{0UL}},{{0x06D18D07L},{18446744073709551611UL},{8UL}},{{8UL},{18446744073709551609UL},{18446744073709551611UL}},{{18446744073709551611UL},{0x05FE76ACL},{18446744073709551615UL}},{{8UL},{0x06D18D07L},{0xC0D1A7ABL}}}};\n              ^\n/tmp/csmith-generated-3001-5394.c:122:14: warning: large integer implicitly truncated to unsigned type [-Woverflow]\n/tmp/csmith-generated-3001-5394.c:122:14: warning: large integer implicitly truncated to unsigned type [-Woverflow]\n/tmp/csmith-generated-3001-5394.c:122:14: warning: large integer implicitly truncated to unsigned type [-Woverflow]\n/tmp/csmith-generated-3001-5394.c:122:14: warning: large integer implicitly truncated to unsigned type [-Woverflow]\n/tmp/csmith-generated-3001-5394.c:122:14: warning: large integer implicitly truncated to unsigned type [-Woverflow]\n/tmp/csmith-generated-3001-5394.c:122:14: warning: large integer implicitly truncated to unsigned type [-Woverflow]\n/tmp/csmith-generated-3001-5394.c:122:14: warning: large integer implicitly truncated to unsigned type [-Woverflow]\n/tmp/csmith-generated-3001-5394.c:122:14: warning: large integer implicitly truncated to unsigned type [-Woverflow]\n/tmp/csmith-generated-3001-5394.c:122:14: warning: large integer implicitly truncated to unsigned type [-Woverflow]\n/tmp/csmith-generated-3001-5394.c:122:14: warning: large integer implicitly truncated to unsigned type [-Woverflow]\n/tmp/csmith-generated-3001-5394.c:122:14: warning: large integer implicitly truncated to unsigned type [-Woverflow]\n/tmp/csmith-generated-3001-5394.c:122:14: warning: large integer implicitly truncated to unsigned type [-Woverflow]\n/tmp/csmith-generated-3001-5394.c:122:14: warning: large integer implicitly truncated to unsigned type [-Woverflow]\n/tmp/csmith-generated-3001-5394.c:122:14: warning: large integer implicitly truncated to unsigned type [-Woverflow]\n/tmp/csmith-generated-3001-5394.c:122:14: warning: large integer implicitly truncated to unsigned type [-Woverflow]\n/tmp/csmith-generated-3001-5394.c:122:14: warning: large integer implicitly truncated to unsigned type [-Woverflow]\n/tmp/csmith-generated-3001-5394.c:122:14: warning: large integer implicitly truncated to unsigned type [-Woverflow]\n/tmp/csmith-generated-3001-5394.c:122:14: warning: large integer implicitly truncated to unsigned type [-Woverflow]\n/tmp/csmith-generated-3001-5394.c:122:14: warning: large integer implicitly truncated to unsigned type [-Woverflow]\n/tmp/csmith-generated-3001-5394.c:122:14: warning: large integer implicitly truncated to unsigned type [-Woverflow]\n/tmp/csmith-generated-3001-5394.c:122:14: warning: large integer implicitly truncated to unsigned type [-Woverflow]\n/tmp/csmith-generated-3001-5394.c:122:14: warning: large integer implicitly truncated to unsigned type [-Woverflow]\n/tmp/csmith-generated-3001-5394.c:122:14: warning: large integer implicitly truncated to unsigned type [-Woverflow]\n/tmp/csmith-generated-3001-5394.c:122:14: warning: large integer implicitly truncated to unsigned type [-Woverflow]\n/tmp/csmith-generated-3001-5394.c:122:14: warning: large integer implicitly truncated to unsigned type [-Woverflow]\n/tmp/csmith-generated-3001-5394.c:122:14: warning: large integer implicitly truncated to unsigned type [-Woverflow]\n/tmp/csmith-generated-3001-5394.c:122:14: warning: large integer implicitly truncated to unsigned type [-Woverflow]\n/tmp/csmith-generated-3001-5394.c:122:14: warning: large integer implicitly truncated to unsigned type [-Woverflow]\n/tmp/csmith-generated-3001-5394.c:122:14: warning: large integer implicitly truncated to unsigned type [-Woverflow]\n/tmp/csmith-generated-3001-5394.c:122:14: warning: large integer implicitly truncated to unsigned type [-Woverflow]\n/tmp/csmith-generated-3001-5394.c:126:14: warning: large integer implicitly truncated to unsigned type [-Woverflow]\n static union U3 g_820 = {18446744073709551611UL};/* VOLATILE GLOBAL g_820 */\n              ^\n/tmp/csmith-generated-3001-5394.c:172:14: warning: large integer implicitly truncated to unsigned type [-Woverflow]\n static union U1 g_1798[1][8][8] = {{{{0UL},{0xFEF98731L},{4UL},{0xFEF98731L},{0UL},{0xE6A30743L},{0UL},{0xFEF98731L}},{{18446744073709551612UL},{0xFEF98731L},{18446744073709551612UL},{0UL},{0UL},{0UL},{18446744073709551612UL},{0xFEF98731L}},{{0UL},{0UL},{18446744073709551612UL},{0xFEF98731L},{18446744073709551612UL},{0UL},{0UL},{0UL}},{{0UL},{0xFEF98731L},{4UL},{0xFEF98731L},{0UL},{0xE6A30743L},{0UL},{0xFEF98731L}},{{18446744073709551612UL},{0xFEF98731L},{18446744073709551612UL},{0UL},{0UL},{0UL},{18446744073709551612UL},{0xFEF98731L}},{{0UL},{0UL},{18446744073709551612UL},{0xFEF98731L},{18446744073709551612UL},{0UL},{0UL},{0UL}},{{0UL},{0xFEF98731L},{4UL},{0xFEF98731L},{0UL},{0xE6A30743L},{0UL},{0xFEF98731L}},{{18446744073709551612UL},{0xFEF98731L},{18446744073709551612UL},{0UL},{0UL},{0UL},{18446744073709551612UL},{0xFEF98731L}}}};\n              ^\n/tmp/csmith-generated-3001-5394.c:172:14: warning: large integer implicitly truncated to unsigned type [-Woverflow]\n/tmp/csmith-generated-3001-5394.c:172:14: warning: large integer implicitly truncated to unsigned type [-Woverflow]\n/tmp/csmith-generated-3001-5394.c:172:14: warning: large integer implicitly truncated to unsigned type [-Woverflow]\n/tmp/csmith-generated-3001-5394.c:172:14: warning: large integer implicitly truncated to unsigned type [-Woverflow]\n/tmp/csmith-generated-3001-5394.c:172:14: warning: large integer implicitly truncated to unsigned type [-Woverflow]\n/tmp/csmith-generated-3001-5394.c:172:14: warning: large integer implicitly truncated to unsigned type [-Woverflow]\n/tmp/csmith-generated-3001-5394.c:172:14: warning: large integer implicitly truncated to unsigned type [-Woverflow]\n/tmp/csmith-generated-3001-5394.c:172:14: warning: large integer implicitly truncated to unsigned type [-Woverflow]\n/tmp/csmith-generated-3001-5394.c:172:14: warning: large integer implicitly truncated to unsigned type [-Woverflow]\n/tmp/csmith-generated-3001-5394.c:172:14: warning: large integer implicitly truncated to unsigned type [-Woverflow]\n/tmp/csmith-generated-3001-5394.c:172:14: warning: large integer implicitly truncated to unsigned type [-Woverflow]\n/tmp/csmith-generated-3001-5394.c:172:14: warning: large integer implicitly truncated to unsigned type [-Woverflow]\n/tmp/csmith-generated-3001-5394.c:196:1: warning: large integer implicitly truncated to unsigned type [-Woverflow]\n static uint32_t g_2113 = 18446744073709551615UL;\n ^\n/tmp/csmith-generated-3001-5394.c:207:23: warning: large integer implicitly truncated to unsigned type [-Woverflow]\n static volatile union U1 g_2195[6][2][6] = {{{{5UL},{18446744073709551614UL},{5UL},{18446744073709551606UL},{4UL},{6UL}},{{0xDBBC0325L},{18446744073709551606UL},{0x6CCCF3B0L},{0x43FC8CB9L},{0x7CC6CAAEL},{0x7CC6CAAEL}}},{{{0x43FC8CB9L},{0x7CC6CAAEL},{0x7CC6CAAEL},{0x43FC8CB9L},{0x6CCCF3B0L},{18446744073709551606UL}},{{0xDBBC0325L},{6UL},{4UL},{18446744073709551606UL},{5UL},{18446744073709551614UL}}},{{{5UL},{0x6CCCF3B0L},{0x9A6CCBB3L},{0x6CCCF3B0L},{5UL},{0x13288A38L}},{{18446744073709551614UL},{6UL},{18446744073709551615UL},{0xD1475DA0L},{0x6CCCF3B0L},{4UL}}},{{{4UL},{0x7CC6CAAEL},{6UL},{6UL},{0x7CC6CAAEL},{4UL}},{{0xD1475DA0L},{18446744073709551606UL},{18446744073709551615UL},{5UL},{4UL},{0x13288A38L}}},{{{0x7CC6CAAEL},{18446744073709551614UL},{0x9A6CCBB3L},{4UL},{0x9A6CCBB3L},{18446744073709551614UL}},{{0x7CC6CAAEL},{0x13288A38L},{4UL},{5UL},{18446744073709551615UL},{18446744073709551606UL}}},{{{0xD1475DA0L},{4UL},{0x7CC6CAAEL},{6UL},{6UL},{0x7CC6CAAEL}},{{4UL},{4UL},{0x6CCCF3B0L},{0xD1475DA0L},{18446744073709551615UL},{6UL}}}};\n                       ^\n/tmp/csmith-generated-3001-5394.c:207:23: warning: large integer implicitly truncated to unsigned type [-Woverflow]\n/tmp/csmith-generated-3001-5394.c:207:23: warning: large integer implicitly truncated to unsigned type [-Woverflow]\n/tmp/csmith-generated-3001-5394.c:207:23: warning: large integer implicitly truncated to unsigned type [-Woverflow]\n/tmp/csmith-generated-3001-5394.c:207:23: warning: large integer implicitly truncated to unsigned type [-Woverflow]\n/tmp/csmith-generated-3001-5394.c:207:23: warning: large integer implicitly truncated to unsigned type [-Woverflow]\n/tmp/csmith-generated-3001-5394.c:207:23: warning: large integer implicitly truncated to unsigned type [-Woverflow]\n/tmp/csmith-generated-3001-5394.c:207:23: warning: large integer implicitly truncated to unsigned type [-Woverflow]\n/tmp/csmith-generated-3001-5394.c:207:23: warning: large integer implicitly truncated to unsigned type [-Woverflow]\n/tmp/csmith-generated-3001-5394.c:207:23: warning: large integer implicitly truncated to unsigned type [-Woverflow]\n/tmp/csmith-generated-3001-5394.c:207:23: warning: large integer implicitly truncated to unsigned type [-Woverflow]\n/tmp/csmith-generated-3001-5394.c:207:23: warning: large integer implicitly truncated to unsigned type [-Woverflow]\n/tmp/csmith-generated-3001-5394.c:207:23: warning: large integer implicitly truncated to unsigned type [-Woverflow]\n/tmp/csmith-generated-3001-5394.c:207:23: warning: large integer implicitly truncated to unsigned type [-Woverflow]\n/tmp/csmith-generated-3001-5394.c:207:23: warning: large integer implicitly truncated to unsigned type [-Woverflow]\n/tmp/csmith-generated-3001-5394.c:208:14: warning: large integer implicitly truncated to unsigned type [-Woverflow]\n static union U1 g_2209[9] = {{18446744073709551610UL},{18446744073709551610UL},{18446744073709551610UL},{18446744073709551610UL},{18446744073709551610UL},{18446744073709551610UL},{18446744073709551610UL},{18446744073709551610UL},{18446744073709551610UL}};\n              ^\n/tmp/csmith-generated-3001-5394.c:208:14: warning: large integer implicitly truncated to unsigned type [-Woverflow]\n/tmp/csmith-generated-3001-5394.c:208:14: warning: large integer implicitly truncated to unsigned type [-Woverflow]\n/tmp/csmith-generated-3001-5394.c:208:14: warning: large integer implicitly truncated to unsigned type [-Woverflow]\n/tmp/csmith-generated-3001-5394.c:208:14: warning: large integer implicitly truncated to unsigned type [-Woverflow]\n/tmp/csmith-generated-3001-5394.c:208:14: warning: large integer implicitly truncated to unsigned type [-Woverflow]\n/tmp/csmith-generated-3001-5394.c:208:14: warning: large integer implicitly truncated to unsigned type [-Woverflow]\n/tmp/csmith-generated-3001-5394.c:208:14: warning: large integer implicitly truncated to unsigned type [-Woverflow]\n/tmp/csmith-generated-3001-5394.c:208:14: warning: large integer implicitly truncated to unsigned type [-Woverflow]\n/tmp/csmith-generated-3001-5394.c: In function 'func_2':\n/tmp/csmith-generated-3001-5394.c:355:495: warning: comparison of distinct pointer types lacks a cast [enabled by default]\n                 (*g_170) = ((((safe_lshift_func_uint16_t_u_s((safe_add_func_int8_t_s_s(((((void*)0 != l_2313) <= (((**g_515) , (safe_lshift_func_uint16_t_u_s(1UL, 0))) != (l_2319 && l_2052))) | (safe_mul_func_int16_t_s_s(((l_2289 &= (safe_mul_func_uint16_t_u_u((safe_div_func_uint16_t_u_u(((safe_rshift_func_int8_t_s_s((*g_1781), 2)) & ((((((((((*g_455) = l_2328) > (safe_unary_minus_func_uint64_t_u((((**l_2315) |= l_2089.f1) <= l_2291[2])))) && (*g_170)) == l_2291[4]) && (*g_337)) , l_2330) == l_2332) , p_5) ^ 253UL)), p_3)), l_2291[2]))) , 0xA2E7L), p_3))), (**g_1780))), l_2053)) || 5L) < 0xC69FEE69L) && p_4);\n                                                                                                                                                                                                                                                                                                                                                                                                                                                                                                               ^\n/tmp/csmith-generated-3001-5394.c:371:77: warning: comparison of distinct pointer types lacks a cast [enabled by default]\n     (*g_170) = ((safe_lshift_func_int16_t_s_u((((*l_2341) = (p_4 , l_2340)) == l_2342), (safe_rshift_func_uint16_t_u_s((safe_mod_func_uint16_t_u_u((((+l_2089.f2) , ((safe_lshift_func_uint16_t_u_s((*g_455), 6)) != 0x8BBE245AA6C9D556LL)) | (((**g_2038) ^ (safe_rshift_func_uint8_t_u_u((((0x4BD1L <= ((safe_unary_minus_func_uint32_t_u(4294967287UL)) , 65535UL)) || 1L) , 0x86L), l_2052))) != (*g_244))), (**g_243))), (**g_243))))) & l_2089.f1);\n                                                                             ^\n/tmp/csmith-generated-3001-5394.c: In function 'func_20':\n/tmp/csmith-generated-3001-5394.c:389:5: warning: large integer implicitly truncated to unsigned type [-Woverflow]\n     uint32_t l_1593 = 18446744073709551607UL;\n     ^\n/tmp/csmith-generated-3001-5394.c: In function 'func_46':\n/tmp/csmith-generated-3001-5394.c:686:5: warning: large integer implicitly truncated to unsigned type [-Woverflow]\n     uint32_t l_1264 = 18446744073709551612UL;\n     ^\n/tmp/csmith-generated-3001-5394.c:749:622: warning: comparison of distinct pointer types lacks a cast [enabled by default]\n                         (*l_1155) = (safe_mod_func_int8_t_s_s(((l_1224 = ((((g_37[g_792] , ((0UL != ((safe_unary_minus_func_int8_t_s((((p_50 , &g_335) == (void*)0) >= (g_167.f0 = (g_37[g_792] = ((((safe_rshift_func_int16_t_s_u((0x4769L <= (l_1195 == ((((65531UL < ((safe_mul_func_uint8_t_u_u((((safe_lshift_func_int16_t_s_s(((((**g_243) = (((safe_mul_func_uint8_t_u_u((safe_mod_func_int32_t_s_s(((((*l_1218) |= (+9L)) != (-1L)) , l_1219[1]), (-10L))), g_899.f2)) < p_51.f1) != 65535UL)) ^ 0L) & 1UL), 12)) > p_51.f2) && 0xE7L), l_1173[9][8][1].f0)) >= 1L)) <= (*g_212)) == (*l_1155)) == 0x69A00CD4L))), 11)) , l_1220[0]) == g_520) & g_11)))))) ^ 0xCC9322695AE961F8LL)) < 0x550DF583L)) | 65526UL) == p_51.f1) , l_1222)) != &g_948), l_1202));\n                                                                                                                                                                                                                                                                                                                                                                                                                                                                                                                                                                                                                                              ^\n/tmp/csmith-generated-3001-5394.c:749:720: warning: comparison of distinct pointer types lacks a cast [enabled by default]\n                         (*l_1155) = (safe_mod_func_int8_t_s_s(((l_1224 = ((((g_37[g_792] , ((0UL != ((safe_unary_minus_func_int8_t_s((((p_50 , &g_335) == (void*)0) >= (g_167.f0 = (g_37[g_792] = ((((safe_rshift_func_int16_t_s_u((0x4769L <= (l_1195 == ((((65531UL < ((safe_mul_func_uint8_t_u_u((((safe_lshift_func_int16_t_s_s(((((**g_243) = (((safe_mul_func_uint8_t_u_u((safe_mod_func_int32_t_s_s(((((*l_1218) |= (+9L)) != (-1L)) , l_1219[1]), (-10L))), g_899.f2)) < p_51.f1) != 65535UL)) ^ 0L) & 1UL), 12)) > p_51.f2) && 0xE7L), l_1173[9][8][1].f0)) >= 1L)) <= (*g_212)) == (*l_1155)) == 0x69A00CD4L))), 11)) , l_1220[0]) == g_520) & g_11)))))) ^ 0xCC9322695AE961F8LL)) < 0x550DF583L)) | 65526UL) == p_51.f1) , l_1222)) != &g_948), l_1202));\n                                                                                                                                                                                                                                                                                                                                                                                                                                                                                                                                                                                                                                                                                                                                                ^\n/tmp/csmith-generated-3001-5394.c:825:314: warning: comparison of distinct pointer types lacks a cast [enabled by default]\n                     if (((*g_170) = (((void*)0 == l_1293) , ((!l_1295[2]) || ((safe_lshift_func_int16_t_s_u((safe_div_func_int32_t_s_s(l_1300, (safe_add_func_uint8_t_u_u(((g_1252 &= p_51.f2) , ((p_51.f1 >= ((l_1304[1] = (l_1303[1] = &l_1293)) != (void*)0)) >= ((((*g_335) = (((**l_1293) ^ (*l_1155)) , (*g_335))) != l_1305[3][2]) && p_51.f1))), g_165.f0)))), 14)) != (***l_1221))))))\n                                                                                                                                                                                                                                                                                                                          ^\n/tmp/csmith-generated-3001-5394.c: In function 'func_66':\n/tmp/csmith-generated-3001-5394.c:973:9: warning: large integer implicitly truncated to unsigned type [-Woverflow]\n         const uint32_t l_342 = 18446744073709551615UL;\n         ^\n/tmp/csmith-generated-3001-5394.c:983:9: warning: large integer implicitly truncated to unsigned type [-Woverflow]\n         uint32_t l_666[6][8][2] = {{{18446744073709551615UL,0xA86E576BL},{0x5A041FA3L,0x3B070D76L},{0x3B070D76L,0x3B070D76L},{0x5A041FA3L,0xA86E576BL},{18446744073709551615UL,0UL},{0x6E68E1CBL,0x5A041FA3L},{0UL,0x6E68E1CBL},{0xA7620C6CL,0xC37B43A1L}},{{0xA7620C6CL,0x6E68E1CBL},{0UL,0x5A041FA3L},{0x6E68E1CBL,0UL},{18446744073709551615UL,0xA86E576BL},{0x5A041FA3L,0x3B070D76L},{0x3B070D76L,0x3B070D76L},{0x5A041FA3L,0xA86E576BL},{18446744073709551615UL,0UL}},{{0x6E68E1CBL,0x5A041FA3L},{0UL,0x6E68E1CBL},{0xA7620C6CL,0xC37B43A1L},{0xA7620C6CL,0x6E68E1CBL},{0UL,0x5A041FA3L},{0x6E68E1CBL,0UL},{18446744073709551615UL,0xA86E576BL},{0x5A041FA3L,0x3B070D76L}},{{0x3B070D76L,0x4025A559L},{0x3B070D76L,0x5A041FA3L},{0xA7620C6CL,0UL},{0xC37B43A1L,0x3B070D76L},{18446744073709551615UL,0xC37B43A1L},{0xA86E576BL,0xF84BB87EL},{0xA86E576BL,0xC37B43A1L},{18446744073709551615UL,0x3B070D76L}},{{0xC37B43A1L,0UL},{0xA7620C6CL,0x5A041FA3L},{0x3B070D76L,0x4025A559L},{0x4025A559L,0x4025A559L},{0x3B070D76L,0x5A041FA3L},{0xA7620C6CL,0UL},{0xC37B43A1L,0x3B070D76L},{18446744073709551615UL,0xC37B43A1L}},{{0xA86E576BL,0xF84BB87EL},{0xA86E576BL,0xC37B43A1L},{18446744073709551615UL,0x3B070D76L},{0xC37B43A1L,0UL},{0xA7620C6CL,0x5A041FA3L},{0x3B070D76L,0x4025A559L},{0x4025A559L,0x4025A559L},{0x3B070D76L,0x5A041FA3L}}};\n         ^\n/tmp/csmith-generated-3001-5394.c:983:9: warning: large integer implicitly truncated to unsigned type [-Woverflow]\n/tmp/csmith-generated-3001-5394.c:983:9: warning: large integer implicitly truncated to unsigned type [-Woverflow]\n/tmp/csmith-generated-3001-5394.c:983:9: warning: large integer implicitly truncated to unsigned type [-Woverflow]\n/tmp/csmith-generated-3001-5394.c:983:9: warning: large integer implicitly truncated to unsigned type [-Woverflow]\n/tmp/csmith-generated-3001-5394.c:983:9: warning: large integer implicitly truncated to unsigned type [-Woverflow]\n/tmp/csmith-generated-3001-5394.c:983:9: warning: large integer implicitly truncated to unsigned type [-Woverflow]\n/tmp/csmith-generated-3001-5394.c:983:9: warning: large integer implicitly truncated to unsigned type [-Woverflow]\n/tmp/csmith-generated-3001-5394.c:983:9: warning: large integer implicitly truncated to unsigned type [-Woverflow]\n", cpRunningTime = 3.016471s, cpExecutablePath = Just "/tmp/gcc_default-3001-5398", cpCompilerTag = "gcc_default"}