ExecutionWithChecksum {ewcTimeout = 60, ewcOutput = "checksum = 36E898B5\n", ewcError = "", ewcChecksum = Just 921213109, ewcRunningTime = 0.501804s, ewcExecutablePath = "/tmp/clang_default-63-83666"}