ExecutionWithChecksum {ewcTimeout = 60, ewcOutput = "checksum = 36E898B5\n", ewcError = "", ewcChecksum = Just 921213109, ewcRunningTime = 0.505511s, ewcExecutablePath = "/tmp/gcc_default-63-83669"}