GeneratedProgram {gpTimeout = 10, gpSeed = Just 3530931340, gpArguments = ["--no-packed-struct"], gpVersion = "csmith 2.3.0\nGit version: 30dccd7\n", gpOptions = Just "--no-packed-struct", gpProgramPath = "/tmp/csmith-generated-63-83665.c", gpRunningTime = -2.020361s}