ExecutionWithChecksum {ewcTimeout = 60, ewcOutput = "", ewcError = "Conversion to signed integer outside the range that can be represented:\n      > in func_1 at /tmp/csmith-generated-63-83665.c:205:5\n        in main at /tmp/csmith-generated-63-83665.c:1811:5\n\n    Implementation defined behavior (IMPL-CCV2):\n        see C11 section 6.3.1.3:3 http://rvdoc.org/C11/6.3.1.3\n        see C11 section J.3.5:1 item 4 http://rvdoc.org/C11/J.3.5\n        see CERT-C section INT31-C http://rvdoc.org/CERT-C/INT31-C\n\nConversion to signed integer outside the range that can be represented:\n      > in func_45 at /tmp/csmith-generated-63-83665.c:1769:5\n        in func_1 at /tmp/csmith-generated-63-83665.c:205:5\n        in main at /tmp/csmith-generated-63-83665.c:1811:5\n\n    Implementation defined behavior (IMPL-CCV2):\n        see C11 section 6.3.1.3:3 http://rvdoc.org/C11/6.3.1.3\n        see C11 section J.3.5:1 item 4 http://rvdoc.org/C11/J.3.5\n        see CERT-C section INT31-C http://rvdoc.org/CERT-C/INT31-C\n\nConversion to signed integer outside the range that can be represented:\n      > in func_36 at /tmp/csmith-generated-63-83665.c:1727:5\n        in func_1 at /tmp/csmith-generated-63-83665.c:205:5\n        in main at /tmp/csmith-generated-63-83665.c:1811:5\n\n    Implementation defined behavior (IMPL-CCV2):\n        see C11 section 6.3.1.3:3 http://rvdoc.org/C11/6.3.1.3\n        see C11 section J.3.5:1 item 4 http://rvdoc.org/C11/J.3.5\n        see CERT-C section INT31-C http://rvdoc.org/CERT-C/INT31-C\n\nConversion to signed integer outside the range that can be represented:\n      > in func_15 at /tmp/csmith-generated-63-83665.c:1610:13\n        in func_1 at /tmp/csmith-generated-63-83665.c:205:5\n        in main at /tmp/csmith-generated-63-83665.c:1811:5\n\n    Implementation defined behavior (IMPL-CCV2):\n        see C11 section 6.3.1.3:3 http://rvdoc.org/C11/6.3.1.3\n        see C11 section J.3.5:1 item 4 http://rvdoc.org/C11/J.3.5\n        see CERT-C section INT31-C http://rvdoc.org/CERT-C/INT31-C\n\nComparison of unspecified value:\n      > in safe_lshift_func_uint8_t_u_s at /usr/local/include/csmith-2.3.0/safe_math.h:594:3\n        in func_15 at /tmp/csmith-generated-63-83665.c:1610:13\n        in func_1 at /tmp/csmith-generated-63-83665.c:205:5\n        in main at /tmp/csmith-generated-63-83665.c:1811:5\n\n    Unspecified value or behavior (USP-CERL7):\n        see C11 section 6.5.9 http://rvdoc.org/C11/6.5.9\n        see MISRA-C section 8.1:3 http://rvdoc.org/MISRA-C/8.1\n\nComparison of unspecified value:\n      > in func_15 at /tmp/csmith-generated-63-83665.c:1610:13\n        in func_1 at /tmp/csmith-generated-63-83665.c:205:5\n        in main at /tmp/csmith-generated-63-83665.c:1811:5\n\n    Unspecified value or behavior (USP-CERL7):\n        see C11 section 6.5.9 http://rvdoc.org/C11/6.5.9\n        see MISRA-C section 8.1:3 http://rvdoc.org/MISRA-C/8.1\n\nConversion to signed integer outside the range that can be represented:\n      > in safe_mul_func_int8_t_s_s at /usr/local/include/csmith-2.3.0/safe_math.h:59:3\n        in func_15 at /tmp/csmith-generated-63-83665.c:1610:13\n        in func_1 at /tmp/csmith-generated-63-83665.c:205:5\n        in main at /tmp/csmith-generated-63-83665.c:1811:5\n\n    Implementation defined behavior (IMPL-CCV2):\n        see C11 section 6.3.1.3:3 http://rvdoc.org/C11/6.3.1.3\n        see C11 section J.3.5:1 item 4 http://rvdoc.org/C11/J.3.5\n        see CERT-C section INT31-C http://rvdoc.org/CERT-C/INT31-C\n\nConversion to signed integer outside the range that can be represented:\n      > in func_15 at /tmp/csmith-generated-63-83665.c:1621:22\n        in func_1 at /tmp/csmith-generated-63-83665.c:205:5\n        in main at /tmp/csmith-generated-63-83665.c:1811:5\n\n    Implementation defined behavior (IMPL-CCV2):\n        see C11 section 6.3.1.3:3 http://rvdoc.org/C11/6.3.1.3\n        see C11 section J.3.5:1 item 4 http://rvdoc.org/C11/J.3.5\n        see CERT-C section INT31-C http://rvdoc.org/CERT-C/INT31-C\n\nType of lvalue (unsigned long) not compatible with the effective type of the object being accessed (union U3):\n      > in func_15 at /tmp/csmith-generated-63-83665.c:1646:13\n        in func_1 at /tmp/csmith-generated-63-83665.c:205:5\n        in main at /tmp/csmith-generated-63-83665.c:1811:5\n\n    Undefined behavior (UB-EIO10):\n        see C11 section 6.5:7 http://rvdoc.org/C11/6.5\n        see C11 section J.2:1 item 37 http://rvdoc.org/C11/J.2\n        see CERT-C section EXP39-C http://rvdoc.org/CERT-C/EXP39-C\n        see MISRA-C section 8.1:3 http://rvdoc.org/MISRA-C/8.1\n\nTrying to access an object declared with volatile type through a non-volatile lvalue:\n      > in func_15 at /tmp/csmith-generated-63-83665.c:1650:17\n        in func_1 at /tmp/csmith-generated-63-83665.c:205:5\n        in main at /tmp/csmith-generated-63-83665.c:1811:5\n\n    Undefined behavior (UB-EIO9):\n        see C11 section 6.7.3:6 http://rvdoc.org/C11/6.7.3\n        see C11 section J.2:1 item 65 http://rvdoc.org/C11/J.2\n        see CERT-C section EXP32-C http://rvdoc.org/CERT-C/EXP32-C\n        see MISRA-C section 8.1:3 http://rvdoc.org/MISRA-C/8.1\n\nConversion to signed integer outside the range that can be represented:\n      > in func_15 at /tmp/csmith-generated-63-83665.c:1650:17\n        in func_1 at /tmp/csmith-generated-63-83665.c:205:5\n        in main at /tmp/csmith-generated-63-83665.c:1811:5\n\n    Implementation defined behavior (IMPL-CCV2):\n        see C11 section 6.3.1.3:3 http://rvdoc.org/C11/6.3.1.3\n        see C11 section J.3.5:1 item 4 http://rvdoc.org/C11/J.3.5\n        see CERT-C section INT31-C http://rvdoc.org/CERT-C/INT31-C\n\nPotential negative zero produced via bitwise operations, undefined under sign and magnitude or one's complement arithmetic, implementation-defined otherwise:\n      > in func_15 at /tmp/csmith-generated-63-83665.c:1650:17\n        in func_1 at /tmp/csmith-generated-63-83665.c:205:5\n        in main at /tmp/csmith-generated-63-83665.c:1811:5\n\n    Implementation-dependent undefined behavior (IMPLUB-CEB12):\n        see C11 section 6.2.6.2:4 http://rvdoc.org/C11/6.2.6.2\n        see C11 section J.2:1 item 14 http://rvdoc.org/C11/J.2\n        see CERT-C section INT13-C http://rvdoc.org/CERT-C/INT13-C\n        see CERT-C section MSC15-C http://rvdoc.org/CERT-C/MSC15-C\n        see MISRA-C section 8.1:3 http://rvdoc.org/MISRA-C/8.1\n\nComparison of unspecified value:\n      > in func_1 at /tmp/csmith-generated-63-83665.c:205:5\n        in main at /tmp/csmith-generated-63-83665.c:1811:5\n\n    Unspecified value or behavior (USP-CERL7):\n        see C11 section 6.5.9 http://rvdoc.org/C11/6.5.9\n        see MISRA-C section 8.1:3 http://rvdoc.org/MISRA-C/8.1\n\nFatal error: exception (Invalid_argument \"mismatched constructor at top of split configuration\")\n", ewcChecksum = Nothing, ewcRunningTime = 4.505398s, ewcExecutablePath = "/tmp/kcc_default-63-83668"}