CompiledProgram {cpTimeout = 60, cpVersion = "The CompCert C verified compiler, version 3.2\n", cpOutput = "", cpError = "/tmp/csmith-generated-66-137012.c:772: warning: comparison of distinct pointer types ('int16_t const *' and 'uint16_t const *') [-Wcompare-distinct-pointer-types]\n/tmp/csmith-generated-66-137012.c:1960: warning: comparison of distinct pointer types ('int8_t *' and 'uint8_t *') [-Wcompare-distinct-pointer-types]\n", cpRunningTime = 11.513721s, cpExecutablePath = Just "/tmp/ccomp_default-66-137014", cpCompilerTag = "ccomp_default"}