ExecutionWithChecksum {ewcTimeout = 60, ewcOutput = "checksum = ECE7B2BC\n", ewcError = "", ewcChecksum = Just 3974607548, ewcRunningTime = 0.500826s, ewcExecutablePath = "/tmp/clang_default-66-137013"}