CompiledProgram {cpTimeout = 10, cpVersion = "gcc (Ubuntu 4.8.4-2ubuntu1~14.04.4) 4.8.4\nCopyright (C) 2013 Free Software Foundation, Inc.\nThis is free software; see the source for copying conditions.  There is NO\nwarranty; not even for MERCHANTABILITY or FITNESS FOR A PARTICULAR PURPOSE.\n\n", cpOutput = "", cpError = "/tmp/csmith-generated-66-137012.c:76:14: warning: large integer implicitly truncated to unsigned type [-Woverflow]\n static union U3 g_312 = {18446744073709551615UL};/* VOLATILE GLOBAL g_312 */\n              ^\n/tmp/csmith-generated-66-137012.c:77:14: warning: large integer implicitly truncated to unsigned type [-Woverflow]\n static union U3 g_328 = {18446744073709551613UL};/* VOLATILE GLOBAL g_328 */\n              ^\n/tmp/csmith-generated-66-137012.c:85:14: warning: large integer implicitly truncated to unsigned type [-Woverflow]\n static union U3 g_462 = {18446744073709551615UL};/* VOLATILE GLOBAL g_462 */\n              ^\n/tmp/csmith-generated-66-137012.c:107:1: warning: large integer implicitly truncated to unsigned type [-Woverflow]\n static uint32_t g_861 = 18446744073709551615UL;\n ^\n/tmp/csmith-generated-66-137012.c:137:14: warning: large integer implicitly truncated to unsigned type [-Woverflow]\n static union U1 g_1188 = {18446744073709551610UL};/* VOLATILE GLOBAL g_1188 */\n              ^\n/tmp/csmith-generated-66-137012.c:143:14: warning: large integer implicitly truncated to unsigned type [-Woverflow]\n static union U1 g_1280 = {18446744073709551615UL};/* VOLATILE GLOBAL g_1280 */\n              ^\n/tmp/csmith-generated-66-137012.c:144:20: warning: large integer implicitly truncated to unsigned type [-Woverflow]\n static const union U1 g_1282 = {18446744073709551609UL};/* VOLATILE GLOBAL g_1282 */\n                    ^\n/tmp/csmith-generated-66-137012.c:175:14: warning: large integer implicitly truncated to unsigned type [-Woverflow]\n static union U3 g_1744[9][2] = {{{18446744073709551615UL},{0x9E8C9B13L}},{{18446744073709551615UL},{18446744073709551615UL}},{{0x9E8C9B13L},{18446744073709551615UL}},{{18446744073709551615UL},{0x9E8C9B13L}},{{18446744073709551615UL},{18446744073709551615UL}},{{0x9E8C9B13L},{18446744073709551615UL}},{{18446744073709551615UL},{0x9E8C9B13L}},{{18446744073709551615UL},{18446744073709551615UL}},{{0x9E8C9B13L},{18446744073709551615UL}}};\n              ^\n/tmp/csmith-generated-66-137012.c:175:14: warning: large integer implicitly truncated to unsigned type [-Woverflow]\n/tmp/csmith-generated-66-137012.c:175:14: warning: large integer implicitly truncated to unsigned type [-Woverflow]\n/tmp/csmith-generated-66-137012.c:175:14: warning: large integer implicitly truncated to unsigned type [-Woverflow]\n/tmp/csmith-generated-66-137012.c:175:14: warning: large integer implicitly truncated to unsigned type [-Woverflow]\n/tmp/csmith-generated-66-137012.c:175:14: warning: large integer implicitly truncated to unsigned type [-Woverflow]\n/tmp/csmith-generated-66-137012.c:175:14: warning: large integer implicitly truncated to unsigned type [-Woverflow]\n/tmp/csmith-generated-66-137012.c:175:14: warning: large integer implicitly truncated to unsigned type [-Woverflow]\n/tmp/csmith-generated-66-137012.c:175:14: warning: large integer implicitly truncated to unsigned type [-Woverflow]\n/tmp/csmith-generated-66-137012.c:175:14: warning: large integer implicitly truncated to unsigned type [-Woverflow]\n/tmp/csmith-generated-66-137012.c:175:14: warning: large integer implicitly truncated to unsigned type [-Woverflow]\n/tmp/csmith-generated-66-137012.c:175:14: warning: large integer implicitly truncated to unsigned type [-Woverflow]\n/tmp/csmith-generated-66-137012.c:176:20: warning: large integer implicitly truncated to unsigned type [-Woverflow]\n static const union U1 g_1772 = {18446744073709551613UL};/* VOLATILE GLOBAL g_1772 */\n                    ^\n/tmp/csmith-generated-66-137012.c:191:23: warning: large integer implicitly truncated to unsigned type [-Woverflow]\n static volatile union U3 g_1971 = {18446744073709551615UL};/* VOLATILE GLOBAL g_1971 */\n                       ^\n/tmp/csmith-generated-66-137012.c:194:20: warning: large integer implicitly truncated to unsigned type [-Woverflow]\n static const union U1 g_2019[2] = {{18446744073709551615UL},{18446744073709551615UL}};\n                    ^\n/tmp/csmith-generated-66-137012.c:194:20: warning: large integer implicitly truncated to unsigned type [-Woverflow]\n/tmp/csmith-generated-66-137012.c:201:14: warning: large integer implicitly truncated to unsigned type [-Woverflow]\n static union U1 g_2060 = {18446744073709551610UL};/* VOLATILE GLOBAL g_2060 */\n              ^\n/tmp/csmith-generated-66-137012.c:202:20: warning: large integer implicitly truncated to unsigned type [-Woverflow]\n static const union U1 g_2068[3][3][3] = {{{{18446744073709551615UL},{0xEEE688D8L},{18446744073709551615UL}},{{6UL},{1UL},{6UL}},{{18446744073709551615UL},{0xEEE688D8L},{18446744073709551615UL}}},{{{6UL},{1UL},{6UL}},{{18446744073709551615UL},{0xEEE688D8L},{18446744073709551615UL}},{{6UL},{1UL},{6UL}}},{{{18446744073709551615UL},{0xEEE688D8L},{18446744073709551615UL}},{{6UL},{1UL},{6UL}},{{18446744073709551615UL},{0xEEE688D8L},{18446744073709551615UL}}}};\n                    ^\n/tmp/csmith-generated-66-137012.c:202:20: warning: large integer implicitly truncated to unsigned type [-Woverflow]\n/tmp/csmith-generated-66-137012.c:202:20: warning: large integer implicitly truncated to unsigned type [-Woverflow]\n/tmp/csmith-generated-66-137012.c:202:20: warning: large integer implicitly truncated to unsigned type [-Woverflow]\n/tmp/csmith-generated-66-137012.c:202:20: warning: large integer implicitly truncated to unsigned type [-Woverflow]\n/tmp/csmith-generated-66-137012.c:202:20: warning: large integer implicitly truncated to unsigned type [-Woverflow]\n/tmp/csmith-generated-66-137012.c:202:20: warning: large integer implicitly truncated to unsigned type [-Woverflow]\n/tmp/csmith-generated-66-137012.c:202:20: warning: large integer implicitly truncated to unsigned type [-Woverflow]\n/tmp/csmith-generated-66-137012.c:202:20: warning: large integer implicitly truncated to unsigned type [-Woverflow]\n/tmp/csmith-generated-66-137012.c:202:20: warning: large integer implicitly truncated to unsigned type [-Woverflow]\n/tmp/csmith-generated-66-137012.c:253:29: warning: large integer implicitly truncated to unsigned type [-Woverflow]\n static const volatile union U3 g_3153 = {18446744073709551615UL};/* VOLATILE GLOBAL g_3153 */\n                             ^\n/tmp/csmith-generated-66-137012.c: In function 'func_1':\n/tmp/csmith-generated-66-137012.c:363:5: warning: large integer implicitly truncated to unsigned type [-Woverflow]\n     uint32_t l_4245[1][5][8] = {{{0x85BAA15FL,2UL,0x30BED956L,0x85BAA15FL,0UL,18446744073709551608UL,2UL,2UL},{18446744073709551611UL,0UL,0xB3FC2367L,0xB3FC2367L,0UL,18446744073709551611UL,6UL,18446744073709551608UL},{0x85BAA15FL,6UL,0x604EA4ABL,2UL,18446744073709551611UL,0x604EA4ABL,0UL,0x604EA4ABL},{7UL,2UL,0x1839360BL,2UL,7UL,0xF17C8AC1L,2UL,18446744073709551608UL},{0xD91BF86EL,7UL,18446744073709551611UL,0xB3FC2367L,2UL,0xD91BF86EL,0xD91BF86EL,2UL}}};\n     ^\n/tmp/csmith-generated-66-137012.c:363:5: warning: large integer implicitly truncated to unsigned type [-Woverflow]\n/tmp/csmith-generated-66-137012.c:363:5: warning: large integer implicitly truncated to unsigned type [-Woverflow]\n/tmp/csmith-generated-66-137012.c:363:5: warning: large integer implicitly truncated to unsigned type [-Woverflow]\n/tmp/csmith-generated-66-137012.c:363:5: warning: large integer implicitly truncated to unsigned type [-Woverflow]\n/tmp/csmith-generated-66-137012.c:363:5: warning: large integer implicitly truncated to unsigned type [-Woverflow]\n/tmp/csmith-generated-66-137012.c:363:5: warning: large integer implicitly truncated to unsigned type [-Woverflow]\n/tmp/csmith-generated-66-137012.c:371:5: warning: large integer implicitly truncated to unsigned type [-Woverflow]\n     uint32_t l_4483 = 18446744073709551614UL;\n     ^\n/tmp/csmith-generated-66-137012.c:530:256: warning: comparison of distinct pointer types lacks a cast [enabled by default]\n                         (*l_4043) ^= ((**g_222) <= (safe_add_func_uint8_t_u_u(l_3979, (((1L == (l_4032 != l_4028)) , ((safe_div_func_uint64_t_u_u((l_4035 | ((safe_add_func_uint64_t_u_u((*g_1064), l_3988)) ^ ((safe_mod_func_int32_t_s_s((((l_4028 = (l_4040 != &g_1465)) >= 0xFEL) < l_3965[1]), (***g_927))) != l_3975))), (*g_1064))) >= (*g_223))) || 0UL))));\n                                                                                                                                                                                                                                                                ^\n/tmp/csmith-generated-66-137012.c:744:370: warning: comparison of distinct pointer types lacks a cast [enabled by default]\n                         (*g_223) |= (safe_rshift_func_uint16_t_u_s(((l_4317 = (g_4316 , &g_918[0])) == &g_918[0]), (safe_unary_minus_func_uint16_t_u((safe_div_func_int32_t_s_s((safe_mul_func_uint16_t_u_u(((l_4323 == (void*)0) < ((((safe_mul_func_uint16_t_u_u(l_4312, l_3989[5])) && ((((((((*l_4327) &= (**g_1498)) < l_4288) != 0xEDDCB2C3L) ^ 0UL) <= l_4288) , &g_1464) == l_4328)) ^ l_4077) == l_4312)), l_4288)), l_4312))))));\n                                                                                                                                                                                                                                                                                                                                                                                  ^\n/tmp/csmith-generated-66-137012.c:772:190: warning: comparison of distinct pointer types lacks a cast [enabled by default]\n                         l_4383 ^= (((***g_1157) &= (safe_mul_func_int8_t_s_s((((+((***g_927) = (safe_div_func_uint16_t_u_u((safe_sub_func_uint64_t_u_u((safe_sub_func_int64_t_s_s(((*g_1156) != (g_2054 = l_4367[0])), (safe_mul_func_int8_t_s_s((((((*g_3575) != l_4042[1]) , ((safe_add_func_uint64_t_u_u((safe_rshift_func_uint16_t_u_s(l_4335, (((l_4120[1][0] ^ (safe_add_func_int16_t_s_s(l_4378, l_4092[1][0]))) >= (((*g_1064) = ((safe_add_func_uint16_t_u_u(((((**g_1498) = 0x70L) && l_4350) && 4294967295UL), l_4381)) ^ (***g_927))) >= l_4091)) , l_4076))), l_4348[2])) || (**g_3431))) , l_4382[4][0][0]) == l_4071), (*g_2813))))), l_4378)), 1L)))) < l_4286) , 3L), (*g_290)))) >= l_4199);\n                                                                                                                                                                                              ^\n/tmp/csmith-generated-66-137012.c:772:256: warning: comparison of distinct pointer types lacks a cast [enabled by default]\n                         l_4383 ^= (((***g_1157) &= (safe_mul_func_int8_t_s_s((((+((***g_927) = (safe_div_func_uint16_t_u_u((safe_sub_func_uint64_t_u_u((safe_sub_func_int64_t_s_s(((*g_1156) != (g_2054 = l_4367[0])), (safe_mul_func_int8_t_s_s((((((*g_3575) != l_4042[1]) , ((safe_add_func_uint64_t_u_u((safe_rshift_func_uint16_t_u_s(l_4335, (((l_4120[1][0] ^ (safe_add_func_int16_t_s_s(l_4378, l_4092[1][0]))) >= (((*g_1064) = ((safe_add_func_uint16_t_u_u(((((**g_1498) = 0x70L) && l_4350) && 4294967295UL), l_4381)) ^ (***g_927))) >= l_4091)) , l_4076))), l_4348[2])) || (**g_3431))) , l_4382[4][0][0]) == l_4071), (*g_2813))))), l_4378)), 1L)))) < l_4286) , 3L), (*g_290)))) >= l_4199);\n                                                                                                                                                                                                                                                                ^\n/tmp/csmith-generated-66-137012.c:777:21: warning: large integer implicitly truncated to unsigned type [-Woverflow]\n                     (***g_1157) = (((((l_4335 || (((safe_rshift_func_int8_t_s_s((safe_add_func_uint8_t_u_u((safe_rshift_func_uint16_t_u_s((g_4396 , (((((safe_mul_func_uint8_t_u_u((~0x8A13C444L), (((safe_lshift_func_uint8_t_u_u(0x8FL, ((l_4054 , l_4382[4][0][0]) , (((safe_add_func_uint64_t_u_u((safe_div_func_uint16_t_u_u(0x160CL, (safe_add_func_int32_t_s_s((**g_222), (((((((void*)0 != (*g_743)) || 0x76L) | (*g_223)) & l_4381) & 0L) > l_4378))))), (*g_1064))) >= l_4410) && l_4381)))) <= l_3965[3]) < l_4355[0]))) != l_4378) && (*g_2813)) | (-9L)) < 0x9EEB3BD8L)), 0)), 2UL)), l_4411)) && l_4412) , 0xED9E6264A05A9EE2LL)) > 0x46DFL) ^ 0x9BB5F37D796E9900LL) & l_4413) , l_3965[1]);\n                     ^\n/tmp/csmith-generated-66-137012.c:814:235: warning: comparison of distinct pointer types lacks a cast [enabled by default]\n             if ((safe_rshift_func_uint16_t_u_u((((safe_add_func_int32_t_s_s((safe_rshift_func_int8_t_s_s(((l_4091 || ((((***g_4389) >= ((safe_div_func_uint32_t_u_u(l_4120[1][1], ((l_4431[0][2] && (((*l_4438) = ((*l_4433) = (void*)0)) == &g_3973)) | (*g_1252)))) , (safe_add_func_int16_t_s_s(((safe_sub_func_int64_t_s_s((safe_mod_func_int8_t_s_s((g_4446 , (safe_add_func_int32_t_s_s(0xA490DA09L, l_4132))), (*g_2813))), 0x2B4E2EDBCE3F75E0LL)) ^ (***g_927)), 0x1AB6L)))) , l_4348[5]) && l_4120[1][0])) < 65535UL), l_4092[2][4])), l_4245[0][1][4])) == l_4215) > 0L), 3)))\n                                                                                                                                                                                                                                           ^\n/tmp/csmith-generated-66-137012.c:851:48: warning: comparison of distinct pointer types lacks a cast [enabled by default]\n                     (*g_223) = (((l_4476[5][1] == g_4478) , ((l_4483 <= 0x4EE2F412CFCA4276LL) == l_4027)) && (safe_sub_func_int16_t_s_s((-1L), (((*l_4488) = (l_4486 , l_4487[2])) == ((*l_4490) = l_4489[1])))));\n                                                ^\n/tmp/csmith-generated-66-137012.c:921:136: warning: comparison of distinct pointer types lacks a cast [enabled by default]\n                         l_4604 = (safe_rshift_func_uint8_t_u_u(((((safe_rshift_func_uint16_t_u_s((safe_mod_func_uint8_t_u_u(((*g_1860) == ((safe_rshift_func_uint8_t_u_u((((safe_mul_func_uint8_t_u_u(((safe_sub_func_uint16_t_u_u((safe_mul_func_int16_t_s_s((((((safe_mul_func_int8_t_s_s((((*g_1064) = ((((***g_927) = l_4597) ^ 1UL) || (((&g_4481 == (((*g_1230) & ((***g_1157) = (l_4566[0][2][0] ^ (safe_rshift_func_uint16_t_u_s(0xC112L, (l_4600 <= (((l_4601 ^ l_4348[3]) < l_4602) , 2L))))))) , &g_4481)) , 1UL) != l_4431[0][2]))) , (****g_4388)), 0x80L)) < l_4076) != l_4348[3]) , l_4566[0][2][2]) >= l_4574), l_4071)), 0x068EL)) > 3L), l_4566[0][2][2])) >= l_4416) || (*g_2813)), l_3975)) , l_4603)), (*g_290))), 13)) != (*g_290)) , 3UL) == l_4416), 3));\n                                                                                                                                        ^\n/tmp/csmith-generated-66-137012.c: In function 'func_33':\n/tmp/csmith-generated-66-137012.c:1264:5: warning: large integer implicitly truncated to unsigned type [-Woverflow]\n     uint32_t l_2943[8][7] = {{0x8C2AC41AL,1UL,1UL,18446744073709551606UL,0xC52FE230L,0x3901A798L,0x3901A798L},{0x0ECFD0A0L,0xC52FE230L,7UL,0xC52FE230L,0x0ECFD0A0L,3UL,0x8C2AC41AL},{1UL,1UL,0x3901A798L,0x7F80E1A6L,0x0ECFD0A0L,0x8C2AC41AL,0x0ECFD0A0L},{0x1D336692L,8UL,8UL,0x1D336692L,0xC52FE230L,0x7F80E1A6L,1UL},{1UL,0x7F80E1A6L,0xC52FE230L,0x1D336692L,8UL,8UL,0x1D336692L},{0x0ECFD0A0L,0x8C2AC41AL,0x0ECFD0A0L,0x7F80E1A6L,0x3901A798L,1UL,1UL},{0x8C2AC41AL,3UL,0x0ECFD0A0L,0xC52FE230L,7UL,0xC52FE230L,0x0ECFD0A0L},{0x3901A798L,0x3901A798L,0xC52FE230L,18446744073709551606UL,1UL,1UL,0x8C2AC41AL}};\n     ^\n/tmp/csmith-generated-66-137012.c:1264:5: warning: large integer implicitly truncated to unsigned type [-Woverflow]\n/tmp/csmith-generated-66-137012.c:1322:13: warning: large integer implicitly truncated to unsigned type [-Woverflow]\n             const uint32_t l_2403 = 18446744073709551615UL;\n             ^\n/tmp/csmith-generated-66-137012.c:1340:9: warning: large integer implicitly truncated to unsigned type [-Woverflow]\n         uint32_t l_2512 = 18446744073709551606UL;\n         ^\n/tmp/csmith-generated-66-137012.c:1413:572: warning: comparison of distinct pointer types lacks a cast [enabled by default]\n             if (((*g_1252) , ((***g_1157) = ((l_2512 & (safe_mul_func_int16_t_s_s(((safe_add_func_uint8_t_u_u((safe_mod_func_uint16_t_u_u((safe_mod_func_int16_t_s_s(l_2532[0][1][0], (((safe_add_func_uint16_t_u_u((safe_rshift_func_uint16_t_u_s(l_2080, ((((((safe_add_func_uint16_t_u_u(((void*)0 != &g_1510[0][0]), ((safe_add_func_uint8_t_u_u(((safe_sub_func_int16_t_s_s(((**g_1251) != (((*l_2566) ^= ((safe_sub_func_int16_t_s_s(l_2149, (safe_div_func_uint64_t_u_u((((safe_div_func_uint16_t_u_u((safe_mod_func_int32_t_s_s((((((((*g_927) = ((l_2561 = ((((*l_2560) = l_2559) == &g_286[2][1][0]) > 0x84L)) , l_2562)) != l_2563) != l_2564[1]) || 0x6CC65B58A57A96A2LL) <= 0x935A4C57L) || l_2532[3][0][0]), 0x6494F168L)), l_2565)) >= (****g_1289)) <= l_2149), (*p_36))))) < l_2345[5])) || l_2531)), l_2565)) >= l_2080), g_2111[0])) || 247UL))) , 18446744073709551615UL) ^ l_2085) , (void*)0) != &l_2508) , l_2532[3][0][0]))), 65533UL)) >= 1L) && 1UL))), 1UL)), l_2564[2])) < l_2532[0][0][0]), 0xD724L))) || l_2512))))\n                                                                                                                                                                                                                                                                                                                                                                                                                                                                                                                                                                                            ^\n/tmp/csmith-generated-66-137012.c:1462:370: warning: comparison of distinct pointer types lacks a cast [enabled by default]\n                         (*g_223) = ((safe_mul_func_int16_t_s_s((safe_add_func_uint64_t_u_u((safe_add_func_int64_t_s_s((safe_div_func_uint16_t_u_u(((func_92(l_2621, (+((l_2623 | ((*p_36) = ((*l_2602) , ((*g_55) = ((((l_2601 , (((safe_rshift_func_uint8_t_u_s(l_2565, (l_2584 ^ (0x966BL == l_2529)))) < ((*l_2566) = (((*g_894) < 0x427530FAL) >= 0L))) , l_2626)) , l_2627) == l_2630[0]) == l_2571[0][0][0]))))) & 0xF53389296F2AC13BLL))) , l_2623) , 0xBA74L), l_2532[1][0][0])), l_2623)), l_2623)), (-8L))) <= 0x2AL);\n                                                                                                                                                                                                                                                                                                                                                                                  ^\n/tmp/csmith-generated-66-137012.c:1526:363: warning: comparison of distinct pointer types lacks a cast [enabled by default]\n                         (*g_223) = (safe_add_func_uint16_t_u_u(((*l_2562) == (g_2691 , (l_2693 = l_2692))), (safe_sub_func_uint32_t_u_u(((**l_2562) = ((g_156[0] ^= (l_2697 ^= l_2696)) & (safe_div_func_uint16_t_u_u((safe_mul_func_uint16_t_u_u((((safe_add_func_int32_t_s_s(((((l_2571[0][0][0] , (safe_lshift_func_int8_t_s_s(((safe_rshift_func_uint16_t_u_u((l_2708 == &g_2353), l_2512)) , (safe_lshift_func_uint16_t_u_s(((((safe_mod_func_int32_t_s_s((+(safe_lshift_func_uint16_t_u_s(((((safe_div_func_int16_t_s_s(0x6ED4L, l_2565)) != l_2718) , l_2718) & l_2696), 6))), 0xE609BF86L)) | 0xABD132EA187742EDLL) ^ l_2564[1]) & (*g_290)), l_2719))), l_2529))) , l_2564[1]) && (-1L)) <= l_2696), (*g_1230))) | l_2595) >= l_2232), g_1087.f1)), l_2497)))), l_2565))));\n                                                                                                                                                                                                                                                                                                                                                                           ^\n/tmp/csmith-generated-66-137012.c:1631:197: warning: comparison of distinct pointer types lacks a cast [enabled by default]\n                         l_2090 = (0xC9EDL < (((***g_1157) ^= ((*g_389) & (safe_div_func_uint32_t_u_u((((*g_2813) > (((l_2882 > ((*l_2566) |= l_2860[0][0][0])) > l_2867) || l_2775)) == (((((&g_927 != (((*g_55) = ((safe_lshift_func_int16_t_s_u(0xE1CDL, l_2565)) == 0x3CEBL)) , l_2885)) ^ l_2874) == 0xCAL) || 0xA6L) , l_2860[6][1][6])), (*g_1230))))) , l_2090));\n                                                                                                                                                                                                     ^\n/tmp/csmith-generated-66-137012.c:1645:635: warning: comparison of distinct pointer types lacks a cast [enabled by default]\n                         l_2934 = (safe_lshift_func_uint16_t_u_s(0x4BA0L, ((*l_2566) = ((safe_sub_func_uint64_t_u_u((safe_mul_func_int16_t_s_s(((0L > (safe_sub_func_uint64_t_u_u(4UL, (safe_sub_func_int8_t_s_s(l_2874, (((*g_2054) = (*g_2054)) == l_2916)))))) , ((((((+(((***g_1157) |= l_2565) != (safe_lshift_func_int8_t_s_s(((0xBF7DE451L || ((safe_mod_func_int32_t_s_s((safe_mod_func_int16_t_s_s((safe_div_func_int16_t_s_s((safe_lshift_func_int8_t_s_u((safe_rshift_func_int8_t_s_u((safe_sub_func_int64_t_s_s(0x3F497F5969D2E673LL, 0L)), 0)), 5)), l_2842[0][5][2])), l_2512)), 0x4A4B0E88L)) >= g_2932)) > 1L), 6)))) | l_2900) , &g_2250) != l_2933) && l_2733) <= l_2532[0][3][0])), l_2860[0][0][0])), 0x90CFB05B6699A6A8LL)) >= g_214))));\n                                                                                                                                                                                                                                                                                                                                                                                                                                                                                                                                                                                                                                                           ^\n/tmp/csmith-generated-66-137012.c:1692:351: warning: comparison of distinct pointer types lacks a cast [enabled by default]\n         if ((safe_rshift_func_int16_t_s_s((safe_mod_func_int8_t_s_s((((0x88L && ((0x7B33L | (safe_lshift_func_int8_t_s_s((l_3106 && ((((safe_mod_func_int16_t_s_s((-1L), (safe_div_func_uint64_t_u_u((((((**g_1498) ^= (safe_sub_func_int16_t_s_s((safe_sub_func_int32_t_s_s(((safe_rshift_func_int8_t_s_s((safe_add_func_uint8_t_u_u(((((g_3184 , (*g_2054)) == (((((*l_3186) = l_3185) == (void*)0) | l_2532[3][1][0]) , l_3187)) && 2L) >= 6L), l_2168)), 0)) & l_3188), l_2858[9][0][1])), l_2985[0]))) > l_2842[0][5][2]) , l_2345[5]) == l_2985[1]), 0xAB38BD981BCE785FLL)))) > 0x533A0C53EA225477LL) | g_3189[2]) , l_2532[3][0][0])), l_3190[1][2]))) >= l_2532[3][1][0])) || l_2532[0][5][0]) >= (-10L)), (*g_2813))), 9)))\n                                                                                                                                                                                                                                                                                                                                                               ^\n/tmp/csmith-generated-66-137012.c:1727:278: warning: comparison of distinct pointer types lacks a cast [enabled by default]\n                     (*l_3191) = ((((func_92(p_35, l_3207) , ((safe_add_func_uint16_t_u_u(l_3207, (l_3222 = ((safe_lshift_func_int8_t_s_s(((((safe_mod_func_uint16_t_u_u(((safe_mul_func_int16_t_s_s(l_3217, (((l_3218 == (l_3207 , (*g_2348))) == ((*g_55) = (((((*l_3220) = l_3219) == &g_286[3][1][0]) < l_3207) , 0x607404D44E9407C9LL))) , l_3207))) != (*l_3192)), l_3221)) ^ l_3217) | l_3207) | (*l_3194)), (*g_290))) != l_3217)))) , l_3223)) || (-7L)) , g_1339[2][2].f0) , (-1L));\n                                                                                                                                                                                                                                                                                      ^\n/tmp/csmith-generated-66-137012.c:1732:235: warning: comparison of distinct pointer types lacks a cast [enabled by default]\n                         (*l_3194) ^= ((*l_3192) |= (((g_3226 , ((safe_lshift_func_uint8_t_u_u((3UL != ((safe_sub_func_int64_t_s_s(((&g_918[0] != l_3231[1]) & (l_3207 && l_3207)), ((safe_div_func_uint8_t_u_u(((((+(((*l_3236) = l_3235) == ((safe_rshift_func_uint16_t_u_u((((safe_div_func_int16_t_s_s((safe_mod_func_int8_t_s_s(((func_92(l_3243, l_3207) , l_3244) , (*g_290)), 0x94L)), l_3217)) , g_3245) , (*l_3195)), 1)) , (*g_1860)))) > l_3207) && l_3244) | (*g_1230)), l_3207)) || 0UL))) | l_3207)), l_3207)) < 1L)) < l_3222) <= l_3244));\n                                                                                                                                                                                                                                           ^\n/tmp/csmith-generated-66-137012.c:1744:57: warning: comparison of distinct pointer types lacks a cast [enabled by default]\n                     if ((l_3251 < ((g_3263 = l_3259[2]) != (*g_2249))))\n                                                         ^\n/tmp/csmith-generated-66-137012.c:1806:25: warning: large integer implicitly truncated to unsigned type [-Woverflow]\n                         (***g_1157) = (safe_sub_func_uint8_t_u_u((((void*)0 != l_3293) == l_3294[4]), (!(safe_lshift_func_uint16_t_u_u(((safe_mul_func_uint8_t_u_u(1UL, (+0x1CE5EC2DL))) < (&g_733[(g_2294.f0 + 5)][(l_2168 + 3)][g_2294.f0] == (func_82(&p_34, (safe_div_func_uint64_t_u_u(((safe_lshift_func_uint16_t_u_s((g_3305 , 0x3850L), 15)) != l_3306), l_3306)), l_3307, l_3308[7][2][0], (**g_893)) , (void*)0))), 6)))));\n                         ^\n/tmp/csmith-generated-66-137012.c: In function 'func_44':\n/tmp/csmith-generated-66-137012.c:1960:149: warning: comparison of distinct pointer types lacks a cast [enabled by default]\n         (***g_1157) &= (((safe_mod_func_int32_t_s_s((safe_mul_func_uint8_t_u_u(((0x75FA3A4774345200LL ^ ((*g_1064) = p_46)) , (((*g_1498) = l_1673) == l_1668)), 0x40L)), 1L)) >= (safe_div_func_uint16_t_u_u((safe_div_func_uint32_t_u_u((safe_mod_func_uint16_t_u_u((((*g_1517) = (*g_1517)) == ((*l_1683) = g_1680[1][3][2])), (safe_mod_func_uint8_t_u_u(3UL, (*g_290))))), (**g_893))), p_46))) || 18446744073709551615UL);\n                                                                                                                                                     ^\n/tmp/csmith-generated-66-137012.c:1960:288: warning: comparison of distinct pointer types lacks a cast [enabled by default]\n         (***g_1157) &= (((safe_mod_func_int32_t_s_s((safe_mul_func_uint8_t_u_u(((0x75FA3A4774345200LL ^ ((*g_1064) = p_46)) , (((*g_1498) = l_1673) == l_1668)), 0x40L)), 1L)) >= (safe_div_func_uint16_t_u_u((safe_div_func_uint32_t_u_u((safe_mod_func_uint16_t_u_u((((*g_1517) = (*g_1517)) == ((*l_1683) = g_1680[1][3][2])), (safe_mod_func_uint8_t_u_u(3UL, (*g_290))))), (**g_893))), p_46))) || 18446744073709551615UL);\n                                                                                                                                                                                                                                                                                                ^\n/tmp/csmith-generated-66-137012.c: In function 'func_82':\n/tmp/csmith-generated-66-137012.c:2087:9: warning: large integer implicitly truncated to unsigned type [-Woverflow]\n         uint32_t l_881[9] = {18446744073709551611UL,18446744073709551611UL,18446744073709551611UL,18446744073709551611UL,18446744073709551611UL,18446744073709551611UL,18446744073709551611UL,18446744073709551611UL,18446744073709551611UL};\n         ^\n/tmp/csmith-generated-66-137012.c:2087:9: warning: large integer implicitly truncated to unsigned type [-Woverflow]\n/tmp/csmith-generated-66-137012.c:2087:9: warning: large integer implicitly truncated to unsigned type [-Woverflow]\n/tmp/csmith-generated-66-137012.c:2087:9: warning: large integer implicitly truncated to unsigned type [-Woverflow]\n/tmp/csmith-generated-66-137012.c:2087:9: warning: large integer implicitly truncated to unsigned type [-Woverflow]\n/tmp/csmith-generated-66-137012.c:2087:9: warning: large integer implicitly truncated to unsigned type [-Woverflow]\n/tmp/csmith-generated-66-137012.c:2087:9: warning: large integer implicitly truncated to unsigned type [-Woverflow]\n/tmp/csmith-generated-66-137012.c:2087:9: warning: large integer implicitly truncated to unsigned type [-Woverflow]\n/tmp/csmith-generated-66-137012.c:2087:9: warning: large integer implicitly truncated to unsigned type [-Woverflow]\n", cpRunningTime = 1.001619s, cpExecutablePath = Just "/tmp/gcc_default-66-137016", cpCompilerTag = "gcc_default"}