GeneratedProgram {gpTimeout = 10, gpSeed = Just 939233836, gpArguments = ["--no-packed-struct"], gpVersion = "csmith 2.3.0\nGit version: 30dccd7\n", gpOptions = Just "--no-packed-struct", gpProgramPath = "/tmp/csmith-generated-66-137012.c", gpRunningTime = -4.532041s}