ExecutionWithChecksum {ewcTimeout = 60, ewcOutput = "checksum = ECE7B2BC\n", ewcError = "Type of lvalue (short) not compatible with the effective type of the object being accessed (union U0):\n      > in func_44 at /tmp/csmith-generated-66-137012.c:1924:5\n        in func_1 at /tmp/csmith-generated-66-137012.c:415:9\n        in main at /tmp/csmith-generated-66-137012.c:2145:5\n\n    Undefined behavior (UB-EIO10):\n        see C11 section 6.5:7 http://rvdoc.org/C11/6.5\n        see C11 section J.2:1 item 37 http://rvdoc.org/C11/J.2\n        see CERT-C section EXP39-C http://rvdoc.org/CERT-C/EXP39-C\n        see MISRA-C section 8.1:3 http://rvdoc.org/MISRA-C/8.1\n\nConversion to signed integer outside the range that can be represented:\n      > in func_44 at /tmp/csmith-generated-66-137012.c:1924:5\n        in func_1 at /tmp/csmith-generated-66-137012.c:415:9\n        in main at /tmp/csmith-generated-66-137012.c:2145:5\n\n    Implementation defined behavior (IMPL-CCV2):\n        see C11 section 6.3.1.3:3 http://rvdoc.org/C11/6.3.1.3\n        see C11 section J.3.5:1 item 4 http://rvdoc.org/C11/J.3.5\n        see CERT-C section INT31-C http://rvdoc.org/CERT-C/INT31-C\n\nTrying to modify an object declared with const type:\n      > in func_44 at /tmp/csmith-generated-66-137012.c:1959:9\n        in func_1 at /tmp/csmith-generated-66-137012.c:415:9\n        in main at /tmp/csmith-generated-66-137012.c:2145:5\n\n    Undefined behavior (UB-EIO3):\n        see C11 section 6.7.3:6 http://rvdoc.org/C11/6.7.3\n        see C11 section J.2:1 item 64 http://rvdoc.org/C11/J.2\n        see CERT-C section EXP05-C http://rvdoc.org/CERT-C/EXP05-C\n        see CERT-C section EXP40-C http://rvdoc.org/CERT-C/EXP40-C\n        see MISRA-C section 8.1:3 http://rvdoc.org/MISRA-C/8.1\n\nConversion to signed integer outside the range that can be represented:\n      > in func_25 at /tmp/csmith-generated-66-137012.c:1222:5\n        in func_1 at /tmp/csmith-generated-66-137012.c:415:9\n        in main at /tmp/csmith-generated-66-137012.c:2145:5\n\n    Implementation defined behavior (IMPL-CCV2):\n        see C11 section 6.3.1.3:3 http://rvdoc.org/C11/6.3.1.3\n        see C11 section J.3.5:1 item 4 http://rvdoc.org/C11/J.3.5\n        see CERT-C section INT31-C http://rvdoc.org/CERT-C/INT31-C\n\nConversion to signed integer outside the range that can be represented:\n      > in safe_mul_func_int16_t_s_s at /usr/local/include/csmith-2.3.0/safe_math.h:189:3\n        in func_25 at /tmp/csmith-generated-66-137012.c:1222:5\n        in func_1 at /tmp/csmith-generated-66-137012.c:415:9\n        in main at /tmp/csmith-generated-66-137012.c:2145:5\n\n    Implementation defined behavior (IMPL-CCV2):\n        see C11 section 6.3.1.3:3 http://rvdoc.org/C11/6.3.1.3\n        see C11 section J.3.5:1 item 4 http://rvdoc.org/C11/J.3.5\n        see CERT-C section INT31-C http://rvdoc.org/CERT-C/INT31-C\n\nConversion to signed integer outside the range that can be represented:\n      > in func_1 at /tmp/csmith-generated-66-137012.c:415:9\n        in main at /tmp/csmith-generated-66-137012.c:2145:5\n\n    Implementation defined behavior (IMPL-CCV2):\n        see C11 section 6.3.1.3:3 http://rvdoc.org/C11/6.3.1.3\n        see C11 section J.3.5:1 item 4 http://rvdoc.org/C11/J.3.5\n        see CERT-C section INT31-C http://rvdoc.org/CERT-C/INT31-C\n\nConversion to signed integer outside the range that can be represented:\n      > in func_21 at /tmp/csmith-generated-66-137012.c:1077:13\n        in func_1 at /tmp/csmith-generated-66-137012.c:415:9\n        in main at /tmp/csmith-generated-66-137012.c:2145:5\n\n    Implementation defined behavior (IMPL-CCV2):\n        see C11 section 6.3.1.3:3 http://rvdoc.org/C11/6.3.1.3\n        see C11 section J.3.5:1 item 4 http://rvdoc.org/C11/J.3.5\n        see CERT-C section INT31-C http://rvdoc.org/CERT-C/INT31-C\n\nConversion to signed integer outside the range that can be represented:\n      > in func_21 at /tmp/csmith-generated-66-137012.c:1078:13\n        in func_1 at /tmp/csmith-generated-66-137012.c:415:9\n        in main at /tmp/csmith-generated-66-137012.c:2145:5\n\n    Implementation defined behavior (IMPL-CCV2):\n        see C11 section 6.3.1.3:3 http://rvdoc.org/C11/6.3.1.3\n        see C11 section J.3.5:1 item 4 http://rvdoc.org/C11/J.3.5\n        see CERT-C section INT31-C http://rvdoc.org/CERT-C/INT31-C\n\nPotential negative zero produced via bitwise operations, undefined under sign and magnitude or one's complement arithmetic, implementation-defined otherwise:\n      > in func_1 at /tmp/csmith-generated-66-137012.c:415:9\n        in main at /tmp/csmith-generated-66-137012.c:2145:5\n\n    Implementation-dependent undefined behavior (IMPLUB-CEB12):\n        see C11 section 6.2.6.2:4 http://rvdoc.org/C11/6.2.6.2\n        see C11 section J.2:1 item 14 http://rvdoc.org/C11/J.2\n        see CERT-C section INT13-C http://rvdoc.org/CERT-C/INT13-C\n        see CERT-C section MSC15-C http://rvdoc.org/CERT-C/MSC15-C\n        see MISRA-C section 8.1:3 http://rvdoc.org/MISRA-C/8.1\n\nType of lvalue (const short) not compatible with the effective type of the object being accessed (const union U0):\n      > in func_1 at /tmp/csmith-generated-66-137012.c:415:9\n        in main at /tmp/csmith-generated-66-137012.c:2145:5\n\n    Undefined behavior (UB-EIO10):\n        see C11 section 6.5:7 http://rvdoc.org/C11/6.5\n        see C11 section J.2:1 item 37 http://rvdoc.org/C11/J.2\n        see CERT-C section EXP39-C http://rvdoc.org/CERT-C/EXP39-C\n        see MISRA-C section 8.1:3 http://rvdoc.org/MISRA-C/8.1\n\nConversion to signed integer outside the range that can be represented:\n      > in func_7 at /tmp/csmith-generated-66-137012.c:970:5\n        in func_1 at /tmp/csmith-generated-66-137012.c:415:9\n        in main at /tmp/csmith-generated-66-137012.c:2145:5\n\n    Implementation defined behavior (IMPL-CCV2):\n        see C11 section 6.3.1.3:3 http://rvdoc.org/C11/6.3.1.3\n        see C11 section J.3.5:1 item 4 http://rvdoc.org/C11/J.3.5\n        see CERT-C section INT31-C http://rvdoc.org/CERT-C/INT31-C\n\n", ewcChecksum = Just 3974607548, ewcRunningTime = 35.048171s, ewcExecutablePath = "/tmp/kcc_default-66-137015"}