[ConstraintViolation {cvDescription = "Invalid operand types to ==.", cvSeed = "3304229630"},ConstraintViolation {cvDescription = "Invalid operand types to ==.", cvSeed = "3304229630"},ConstraintViolation {cvDescription = "Invalid operand types to ==.", cvSeed = "3304229630"},ConstraintViolation {cvDescription = "Invalid operand types to !=.", cvSeed = "3304229630"},ConstraintViolation {cvDescription = "Incompatible pointer types in assignment.", cvSeed = "3304229630"},ConstraintViolation {cvDescription = "Invalid operand types to !=.", cvSeed = "3304229630"},ConstraintViolation {cvDescription = "Invalid operand types to !=.", cvSeed = "3530931340"},ConstraintViolation {cvDescription = "Invalid operand types to ==.", cvSeed = "3530931340"},ConstraintViolation {cvDescription = "Invalid operand types to ==.", cvSeed = "3530931340"},ConstraintViolation {cvDescription = "Invalid operand types to !=.", cvSeed = "3530931340"},ConstraintViolation {cvDescription = "Invalid operand types to !=.", cvSeed = "3530931340"},ConstraintViolation {cvDescription = "Invalid operand types to !=.", cvSeed = "3530931340"},ConstraintViolation {cvDescription = "Invalid operand types to !=.", cvSeed = "3530931340"},ConstraintViolation {cvDescription = "Invalid operand types to ==.", cvSeed = "3530931340"},ConstraintViolation {cvDescription = "Invalid operand types to !=.", cvSeed = "3530931340"},ConstraintViolation {cvDescription = "Invalid operand types to !=.", cvSeed = "3530931340"},ConstraintViolation {cvDescription = "Invalid operand types to ==.", cvSeed = "3530931340"},ConstraintViolation {cvDescription = "Incompatible pointer types in assignment.", cvSeed = "3530931340"},ConstraintViolation {cvDescription = "Invalid operand types to !=.", cvSeed = "615697010"},ConstraintViolation {cvDescription = "Invalid operand types to ==.", cvSeed = "615697010"},ConstraintViolation {cvDescription = "Invalid operand types to !=.", cvSeed = "615697010"},ConstraintViolation {cvDescription = "Invalid operand types to !=.", cvSeed = "615697010"},ConstraintViolation {cvDescription = "Invalid operand types to ==.", cvSeed = "615697010"},ConstraintViolation {cvDescription = "Invalid operand types to !=.", cvSeed = "615697010"},ConstraintViolation {cvDescription = "Invalid operand types to ==.", cvSeed = "615697010"},ConstraintViolation {cvDescription = "Invalid operand types to ==.", cvSeed = "615697010"},ConstraintViolation {cvDescription = "Invalid operand types to !=.", cvSeed = "615697010"},ConstraintViolation {cvDescription = "Invalid operand types to !=.", cvSeed = "939233836"},ConstraintViolation {cvDescription = "Invalid operand types to ==.", cvSeed = "939233836"},ConstraintViolation {cvDescription = "Invalid operand types to !=.", cvSeed = "939233836"},ConstraintViolation {cvDescription = "Invalid operand types to ==.", cvSeed = "939233836"},ConstraintViolation {cvDescription = "Invalid operand types to ==.", cvSeed = "939233836"},ConstraintViolation {cvDescription = "Invalid operand types to ==.", cvSeed = "939233836"},ConstraintViolation {cvDescription = "Invalid operand types to ==.", cvSeed = "939233836"},ConstraintViolation {cvDescription = "Invalid operand types to ==.", cvSeed = "939233836"},ConstraintViolation {cvDescription = "Invalid operand types to ==.", cvSeed = "939233836"},ConstraintViolation {cvDescription = "Invalid operand types to !=.", cvSeed = "939233836"},ConstraintViolation {cvDescription = "Invalid operand types to !=.", cvSeed = "939233836"},ConstraintViolation {cvDescription = "Invalid operand types to ==.", cvSeed = "939233836"},ConstraintViolation {cvDescription = "Invalid operand types to ==.", cvSeed = "939233836"},ConstraintViolation {cvDescription = "Invalid operand types to ==.", cvSeed = "939233836"},ConstraintViolation {cvDescription = "Invalid operand types to !=.", cvSeed = "939233836"},ConstraintViolation {cvDescription = "Invalid operand types to ==.", cvSeed = "939233836"},ConstraintViolation {cvDescription = "Invalid operand types to ==.", cvSeed = "7031376"},ConstraintViolation {cvDescription = "Invalid operand types to !=.", cvSeed = "7031376"},ConstraintViolation {cvDescription = "Invalid operand types to !=.", cvSeed = "7031376"},ConstraintViolation {cvDescription = "Invalid operand types to ==.", cvSeed = "7031376"},ConstraintViolation {cvDescription = "Invalid operand types to ==.", cvSeed = "7031376"},ConstraintViolation {cvDescription = "Invalid operand types to ==.", cvSeed = "1379731658"},ConstraintViolation {cvDescription = "Invalid operand types to !=.", cvSeed = "1379731658"},ConstraintViolation {cvDescription = "Incompatible pointer types in assignment.", cvSeed = "1379731658"},ConstraintViolation {cvDescription = "Invalid operand types to !=.", cvSeed = "1379731658"},ConstraintViolation {cvDescription = "Invalid operand types to ==.", cvSeed = "116087530"},ConstraintViolation {cvDescription = "Invalid operand types to ==.", cvSeed = "116087530"},ConstraintViolation {cvDescription = "Invalid operand types to !=.", cvSeed = "116087530"},ConstraintViolation {cvDescription = "Invalid operand types to ==.", cvSeed = "116087530"},ConstraintViolation {cvDescription = "Invalid operand types to ==.", cvSeed = "116087530"},ConstraintViolation {cvDescription = "Invalid operand types to ==.", cvSeed = "116087530"},ConstraintViolation {cvDescription = "Invalid operand types to ==.", cvSeed = "116087530"},ConstraintViolation {cvDescription = "Invalid operand types to !=.", cvSeed = "116087530"}]