[UndefinedBehaviour {ubDescription = "Type of lvalue (short) not compatible with the effective type of the object being accessed (union U0):", ubSeed = "939233836"},UndefinedBehaviour {ubDescription = "Conversion to signed integer outside the range that can be represented:", ubSeed = "939233836"},UndefinedBehaviour {ubDescription = "Trying to modify an object declared with const type:", ubSeed = "939233836"},UndefinedBehaviour {ubDescription = "Conversion to signed integer outside the range that can be represented:", ubSeed = "939233836"},UndefinedBehaviour {ubDescription = "Conversion to signed integer outside the range that can be represented:", ubSeed = "939233836"},UndefinedBehaviour {ubDescription = "Conversion to signed integer outside the range that can be represented:", ubSeed = "939233836"},UndefinedBehaviour {ubDescription = "Conversion to signed integer outside the range that can be represented:", ubSeed = "939233836"},UndefinedBehaviour {ubDescription = "Conversion to signed integer outside the range that can be represented:", ubSeed = "939233836"},UndefinedBehaviour {ubDescription = "Potential negative zero produced via bitwise operations, undefined under sign and magnitude or one's complement arithmetic, implementation-defined otherwise:", ubSeed = "939233836"},UndefinedBehaviour {ubDescription = "Type of lvalue (const short) not compatible with the effective type of the object being accessed (const union U0):", ubSeed = "939233836"},UndefinedBehaviour {ubDescription = "Conversion to signed integer outside the range that can be represented:", ubSeed = "939233836"},UndefinedBehaviour {ubDescription = "Trying to access an object declared with volatile type through a non-volatile lvalue:", ubSeed = "7031376"},UndefinedBehaviour {ubDescription = "Trying to access an object declared with volatile type through a non-volatile lvalue:", ubSeed = "7031376"},UndefinedBehaviour {ubDescription = "Trying to access an object declared with volatile type through a non-volatile lvalue:", ubSeed = "7031376"},UndefinedBehaviour {ubDescription = "Trying to access an object declared with volatile type through a non-volatile lvalue:", ubSeed = "7031376"},UndefinedBehaviour {ubDescription = "Trying to access an object declared with volatile type through a non-volatile lvalue:", ubSeed = "7031376"},UndefinedBehaviour {ubDescription = "Trying to access an object declared with volatile type through a non-volatile lvalue:", ubSeed = "7031376"},UndefinedBehaviour {ubDescription = "Trying to access an object declared with volatile type through a non-volatile lvalue:", ubSeed = "7031376"},UndefinedBehaviour {ubDescription = "Trying to access an object declared with volatile type through a non-volatile lvalue:", ubSeed = "7031376"},UndefinedBehaviour {ubDescription = "Trying to access an object declared with volatile type through a non-volatile lvalue:", ubSeed = "7031376"},UndefinedBehaviour {ubDescription = "Trying to access an object declared with volatile type through a non-volatile lvalue:", ubSeed = "7031376"},UndefinedBehaviour {ubDescription = "Trying to access an object declared with volatile type through a non-volatile lvalue:", ubSeed = "7031376"},UndefinedBehaviour {ubDescription = "Trying to access an object declared with volatile type through a non-volatile lvalue:", ubSeed = "7031376"},UndefinedBehaviour {ubDescription = "Trying to access an object declared with volatile type through a non-volatile lvalue:", ubSeed = "7031376"},UndefinedBehaviour {ubDescription = "Trying to access an object declared with volatile type through a non-volatile lvalue:", ubSeed = "7031376"},UndefinedBehaviour {ubDescription = "Trying to access an object declared with volatile type through a non-volatile lvalue:", ubSeed = "7031376"},UndefinedBehaviour {ubDescription = "Trying to access an object declared with volatile type through a non-volatile lvalue:", ubSeed = "7031376"},UndefinedBehaviour {ubDescription = "Trying to access an object declared with volatile type through a non-volatile lvalue:", ubSeed = "7031376"},UndefinedBehaviour {ubDescription = "Trying to access an object declared with volatile type through a non-volatile lvalue:", ubSeed = "7031376"},UndefinedBehaviour {ubDescription = "Trying to access an object declared with volatile type through a non-volatile lvalue:", ubSeed = "7031376"},UndefinedBehaviour {ubDescription = "Trying to access an object declared with volatile type through a non-volatile lvalue:", ubSeed = "7031376"},UndefinedBehaviour {ubDescription = "Trying to access an object declared with volatile type through a non-volatile lvalue:", ubSeed = "7031376"},UndefinedBehaviour {ubDescription = "Conversion to signed integer outside the range that can be represented:", ubSeed = "1379731658"},UndefinedBehaviour {ubDescription = "Conversion to signed integer outside the range that can be represented:", ubSeed = "1379731658"},UndefinedBehaviour {ubDescription = "Conversion to signed integer outside the range that can be represented:", ubSeed = "1379731658"},UndefinedBehaviour {ubDescription = "Trying to access an object declared with volatile type through a non-volatile lvalue:", ubSeed = "1379731658"},UndefinedBehaviour {ubDescription = "Trying to access an object declared with volatile type through a non-volatile lvalue:", ubSeed = "1379731658"},UndefinedBehaviour {ubDescription = "Trying to access an object declared with volatile type through a non-volatile lvalue:", ubSeed = "1379731658"}]