ExecutionWithChecksum {ewcTimeout = 60, ewcOutput = "checksum = 5009D064\n", ewcError = "", ewcChecksum = Just 1342820452, ewcRunningTime = 0.505002s, ewcExecutablePath = "/tmp/ccomp_default-44-86407"}