ExecutionWithChecksum {ewcTimeout = 60, ewcOutput = "checksum = D039BF98\n", ewcError = "", ewcChecksum = Just 3493445528, ewcRunningTime = 0.518798s, ewcExecutablePath = "/tmp/clang_default-44-86406"}