CompiledProgram {cpTimeout = 60, cpVersion = "\n\tkcc: version 1.0 GNU-compatible\n\n\tBuild number: 45c69e1-1524252255659\n\tCurrent profile: x86_64-linux-gcc-glibc\n\tInstalled profiles: x86_64-linux-gcc-glibc\n\t                    x86_64-linux-gcc-glibc-reverse-eval-order\n\t                    x86_64-linux-gcc-glibc-gnuc\n\t                    x86_64-linux-gcc-glibc-gnuc-reverse-eval-order\n\tDefault profile: x86_64-linux-gcc-glibc\n\n\tTo request additional profiles, contact runtimeverification.com/support.\n\n", cpOutput = "", cpError = "/usr/local/include/csmith-2.3.0/safe_math.h:305:3: error: Potential negative zero produced via bitwise operations, undefined under sign and magnitude or one's complement arithmetic, implementation-defined otherwise.\n\n    Implementation-dependent undefined behavior (IMPLUB-CEB12):\n        see C11 section 6.2.6.2:4 http://rvdoc.org/C11/6.2.6.2\n        see C11 section J.2:1 item 14 http://rvdoc.org/C11/J.2\n        see CERT-C section INT13-C http://rvdoc.org/CERT-C/INT13-C\n        see CERT-C section MSC15-C http://rvdoc.org/CERT-C/MSC15-C\n        see MISRA-C section 8.1:3 http://rvdoc.org/MISRA-C/8.1\n\n/usr/local/include/csmith-2.3.0/safe_math.h:436:3: error: Potential negative zero produced via bitwise operations, undefined under sign and magnitude or one's complement arithmetic, implementation-defined otherwise.\n\n    Implementation-dependent undefined behavior (IMPLUB-CEB12):\n        see C11 section 6.2.6.2:4 http://rvdoc.org/C11/6.2.6.2\n        see C11 section J.2:1 item 14 http://rvdoc.org/C11/J.2\n        see CERT-C section INT13-C http://rvdoc.org/CERT-C/INT13-C\n        see CERT-C section MSC15-C http://rvdoc.org/CERT-C/MSC15-C\n        see MISRA-C section 8.1:3 http://rvdoc.org/MISRA-C/8.1\n\n/tmp/csmith-generated-44-86405.c:70:1: warning: Conversion to signed integer outside the range that can be represented.\n\n    Implementation defined behavior (IMPL-CCV2):\n        see C11 section 6.3.1.3:3 http://rvdoc.org/C11/6.3.1.3\n        see C11 section J.3.5:1 item 4 http://rvdoc.org/C11/J.3.5\n        see CERT-C section INT31-C http://rvdoc.org/CERT-C/INT31-C\n\n/tmp/csmith-generated-44-86405.c:76:1: warning: Conversion to signed integer outside the range that can be represented.\n\n    Implementation defined behavior (IMPL-CCV2):\n        see C11 section 6.3.1.3:3 http://rvdoc.org/C11/6.3.1.3\n        see C11 section J.3.5:1 item 4 http://rvdoc.org/C11/J.3.5\n        see CERT-C section INT31-C http://rvdoc.org/CERT-C/INT31-C\n\n/tmp/csmith-generated-44-86405.c:82:1: warning: Conversion to signed integer outside the range that can be represented.\n\n    Implementation defined behavior (IMPL-CCV2):\n        see C11 section 6.3.1.3:3 http://rvdoc.org/C11/6.3.1.3\n        see C11 section J.3.5:1 item 4 http://rvdoc.org/C11/J.3.5\n        see CERT-C section INT31-C http://rvdoc.org/CERT-C/INT31-C\n\n/tmp/csmith-generated-44-86405.c:86:1: warning: Conversion to signed integer outside the range that can be represented.\n\n    Implementation defined behavior (IMPL-CCV2):\n        see C11 section 6.3.1.3:3 http://rvdoc.org/C11/6.3.1.3\n        see C11 section J.3.5:1 item 4 http://rvdoc.org/C11/J.3.5\n        see CERT-C section INT31-C http://rvdoc.org/CERT-C/INT31-C\n\n/tmp/csmith-generated-44-86405.c:96:1: warning: Conversion to signed integer outside the range that can be represented.\n\n    Implementation defined behavior (IMPL-CCV2):\n        see C11 section 6.3.1.3:3 http://rvdoc.org/C11/6.3.1.3\n        see C11 section J.3.5:1 item 4 http://rvdoc.org/C11/J.3.5\n        see CERT-C section INT31-C http://rvdoc.org/CERT-C/INT31-C\n\n", cpRunningTime = 60.078936s, cpExecutablePath = Nothing, cpCompilerTag = "kcc_default"}