CompiledProgram {cpTimeout = 60, cpVersion = "The CompCert C verified compiler, version 3.2\n", cpOutput = "", cpError = "/tmp/csmith-generated-304-12865.c:876: warning: comparison of distinct pointer types ('uint32_t *' and 'int32_t *') [-Wcompare-distinct-pointer-types]\n/tmp/csmith-generated-304-12865.c:1435: warning: comparison of distinct pointer types ('int32_t *' and 'uint32_t *') [-Wcompare-distinct-pointer-types]\n", cpRunningTime = 8.027158s, cpExecutablePath = Just "/tmp/ccomp_default-304-12867", cpCompilerTag = "ccomp_default"}