CompiledProgram {cpTimeout = 10, cpVersion = "gcc (Ubuntu 4.8.4-2ubuntu1~14.04.4) 4.8.4\nCopyright (C) 2013 Free Software Foundation, Inc.\nThis is free software; see the source for copying conditions.  There is NO\nwarranty; not even for MERCHANTABILITY or FITNESS FOR A PARTICULAR PURPOSE.\n\n", cpOutput = "", cpError = "/tmp/csmith-generated-304-12865.c:178:1: warning: large integer implicitly truncated to unsigned type [-Woverflow]\n static uint32_t g_2372 = 18446744073709551615UL;\n ^\n/tmp/csmith-generated-304-12865.c: In function 'func_18':\n/tmp/csmith-generated-304-12865.c:417:197: warning: comparison of distinct pointer types lacks a cast [enabled by default]\n     if (((g_2674 , ((**g_1198) = (safe_mul_func_int8_t_s_s(((void*)0 != l_2677), (safe_unary_minus_func_int32_t_s(((g_663 = ((*g_488) = p_19)) , ((safe_mul_func_uint16_t_u_u(((*g_488)++), (l_2684 == ((*l_2688) = (void*)0)))) ^ (safe_sub_func_uint8_t_u_u((safe_unary_minus_func_uint32_t_u((safe_div_func_uint16_t_u_u(((*l_2612) > (safe_div_func_int64_t_s_s((safe_add_func_int32_t_s_s((safe_sub_func_uint64_t_u_u(p_19, ((*****g_2198) = ((((safe_add_func_uint8_t_u_u(0x06L, 0xECL)) || 0xBFD3L) && p_19) >= p_19)))), 1UL)), (*l_2612)))), p_19)))), g_2540.f1)))))))))) < (*l_2201)))\n                                                                                                                                                                                                     ^\n/tmp/csmith-generated-304-12865.c:419:9: warning: large integer implicitly truncated to unsigned type [-Woverflow]\n         uint32_t l_2722 = 18446744073709551607UL;\n         ^\n/tmp/csmith-generated-304-12865.c:479:9: warning: large integer implicitly truncated to unsigned type [-Woverflow]\n         uint32_t l_3226 = 18446744073709551611UL;\n         ^\n/tmp/csmith-generated-304-12865.c:527:323: warning: comparison of distinct pointer types lacks a cast [enabled by default]\n             (*l_2201) = (safe_lshift_func_int8_t_s_u((safe_sub_func_uint16_t_u_u(p_19, ((*g_488) = (((*l_2838) = (*l_2838)) , (safe_add_func_uint64_t_u_u(((l_2901 = ((*l_2838) = ((g_2894 = &g_1402[0]) != ((safe_mul_func_int16_t_s_s(((g_2478.f3.f7 , ((safe_sub_func_uint64_t_u_u(18446744073709551615UL, (((4L == (l_2899[0] == (*g_969))) ^ (((p_19 , p_19) && p_19) == (*g_1142))) >= p_19))) ^ p_19)) && 2L), 0L)) , &g_1406)))) , p_19), p_19)))))), 7));\n                                                                                                                                                                                                                                                                                                                                   ^\n/tmp/csmith-generated-304-12865.c:590:181: warning: comparison of distinct pointer types lacks a cast [enabled by default]\n         (*g_2202) ^= ((safe_sub_func_uint32_t_u_u((((l_3234 == ((*l_3236) = &l_3235[1][0][7])) | (*l_2612)) , (*l_2201)), ((l_3239 = &g_3139) == l_2782))) >= (((*l_3196) , l_3240) != ((*l_2612) , &l_2899[0])));\n                                                                                                                                                                                     ^\n/tmp/csmith-generated-304-12865.c: In function 'func_31':\n/tmp/csmith-generated-304-12865.c:714:25: warning: overflow in implicit constant conversion [-Woverflow]\n                         l_2280 = 0x67EF61FBL;\n                         ^\n/tmp/csmith-generated-304-12865.c:794:429: warning: comparison of distinct pointer types lacks a cast [enabled by default]\n             (*l_2554) = (safe_mod_func_uint16_t_u_u(((safe_sub_func_uint32_t_u_u((safe_div_func_uint8_t_u_u((safe_mul_func_int16_t_s_s((safe_lshift_func_uint8_t_u_u((~((l_2591 = l_2591) != &l_2219)), ((***g_1140) | (safe_sub_func_uint16_t_u_u(((***g_1480) < (l_2594[5][5] == l_2594[5][5])), (safe_div_func_int32_t_s_s((((safe_mod_func_int8_t_s_s(((safe_sub_func_uint16_t_u_u(p_36, (((safe_mod_func_int8_t_s_s(((g_2603 , l_2604) == l_2607), l_2578)) <= (*g_932)) & (*g_1081)))) <= p_36), l_2608[1])) , l_2569) && (-1L)), p_36))))))), p_36)), g_2515.f2.f3)), l_2608[1])) < l_2608[7]), p_36));\n                                                                                                                                                                                                                                                                                                                                                                                                                                             ^\n/tmp/csmith-generated-304-12865.c: In function 'func_37':\n/tmp/csmith-generated-304-12865.c:856:13: warning: large integer implicitly truncated to unsigned type [-Woverflow]\n             l_1891[i] = 18446744073709551607UL;\n             ^\n/tmp/csmith-generated-304-12865.c: In function 'func_52':\n/tmp/csmith-generated-304-12865.c:876:359: warning: comparison of distinct pointer types lacks a cast [enabled by default]\n     (**p_55) |= ((safe_sub_func_uint8_t_u_u((g_1380.f3.f2 & (((l_1832 >= (-1L)) <= (((&g_182 != &g_182) < l_1832) , l_1832)) ^ 6L)), (safe_rshift_func_int8_t_s_u((safe_div_func_int32_t_s_s((safe_div_func_int8_t_s_s((safe_lshift_func_uint8_t_u_u((((*g_488) |= (safe_mod_func_int8_t_s_s((((safe_rshift_func_int8_t_s_s((safe_unary_minus_func_uint32_t_u((l_1846 == p_53))), 3)) <= l_1832) > l_1832), l_1832))) <= 0xF269L), g_1624.f3.f4)), l_1832)), l_1832)), l_1832)))) < 0x77L);\n                                                                                                                                                                                                                                                                                                                                                                       ^\n/tmp/csmith-generated-304-12865.c: In function 'func_57':\n/tmp/csmith-generated-304-12865.c:943:20: warning: comparison of distinct pointer types lacks a cast [enabled by default]\n     if ((l_1489[7] == (g_1595 , g_1690)))\n                    ^\n/tmp/csmith-generated-304-12865.c: In function 'func_66':\n/tmp/csmith-generated-304-12865.c:1089:5: warning: large integer implicitly truncated to unsigned type [-Woverflow]\n     if ((((l_1248[1] &= ((safe_unary_minus_func_int16_t_s((l_1234 < l_1240))) & (+0xB5FDCD93A2935665LL))) || ((l_1242 &= (l_1245 = (safe_mod_func_uint8_t_u_u(((0x87FAL <= l_1240) | 0x756FL), (safe_lshift_func_uint16_t_u_u((safe_mul_func_int8_t_s_s((safe_lshift_func_uint16_t_u_s((safe_lshift_func_uint16_t_u_s(l_1224, 11)), (safe_add_func_uint16_t_u_u(l_1251[2][4], ((*l_1270) &= (safe_rshift_func_int8_t_s_s(((g_856[3].f3.f4 & 2UL) != l_1248[1]), 6))))))), (*g_545))), (*g_488))))))) < l_1251[2][4])) && g_391.f8))\n     ^\n/tmp/csmith-generated-304-12865.c:1120:27: warning: comparison of distinct pointer types lacks a cast [enabled by default]\n         l_1287 = ((&g_969 == (l_1319 = l_1319)) , (safe_mul_func_int8_t_s_s((*l_1314), (safe_rshift_func_uint8_t_u_u((((1UL & (safe_rshift_func_int16_t_s_u((safe_mul_func_int16_t_s_s(p_68, p_68)), 2))) | (safe_add_func_int8_t_s_s(((***g_543) = (safe_mod_func_uint32_t_u_u(l_1313, p_68))), l_1287))) || p_68), 5)))));\n                           ^\n/tmp/csmith-generated-304-12865.c: In function 'func_74':\n/tmp/csmith-generated-304-12865.c:1435:168: warning: comparison of distinct pointer types lacks a cast [enabled by default]\n                 p_75 = ((safe_sub_func_uint32_t_u_u((l_149 , ((void*)0 == l_189)), 0xE2DA87B3L)) == ((safe_sub_func_uint8_t_u_u(((*l_186) = (((l_148 = (g_102 = (l_112 != (g_192[0] = ((*l_189) = (*l_185)))))) != g_110[1].f2.f3) < 0xFBL)), (((l_159 , l_194) != l_194) == p_75))) >= (*l_112)));\n                                                                                                                                                                        ^\n/tmp/csmith-generated-304-12865.c:1459:13: warning: large integer implicitly truncated to unsigned type [-Woverflow]\n             uint32_t l_402 = 18446744073709551615UL;\n             ^\n", cpRunningTime = 1.022945s, cpExecutablePath = Just "/tmp/gcc_default-304-12869", cpCompilerTag = "gcc_default"}