GeneratedProgram {gpTimeout = 10, gpSeed = Just 116087530, gpArguments = ["--no-packed-struct"], gpVersion = "csmith 2.3.0\nGit version: 30dccd7\n", gpOptions = Just "--no-packed-struct", gpProgramPath = "/tmp/csmith-generated-304-12865.c", gpRunningTime = -3.540236s}