CompiledProgram {cpTimeout = 60, cpVersion = "The CompCert C verified compiler, version 3.2\n", cpOutput = "", cpError = "/tmp/csmith-generated-44-117166.c:704: warning: comparison of distinct pointer types ('int32_t *' and 'uint32_t *') [-Wcompare-distinct-pointer-types]\n", cpRunningTime = 10.509916s, cpExecutablePath = Just "/tmp/ccomp_default-44-117168", cpCompilerTag = "ccomp_default"}