ExecutionWithChecksum {ewcTimeout = 60, ewcOutput = "checksum = B89B29D\n", ewcError = "", ewcChecksum = Just 193573533, ewcRunningTime = 0.5074s, ewcExecutablePath = "/tmp/ccomp_default-44-117168"}