ExecutionWithChecksum {ewcTimeout = 60, ewcOutput = "checksum = B89B29D\n", ewcError = "", ewcChecksum = Just 193573533, ewcRunningTime = 0.505018s, ewcExecutablePath = "/tmp/gcc_default-44-117170"}