GeneratedProgram {gpTimeout = 10, gpSeed = Just 615697010, gpArguments = ["--no-packed-struct"], gpVersion = "csmith 2.3.0\nGit version: 30dccd7\n", gpOptions = Just "--no-packed-struct", gpProgramPath = "/tmp/csmith-generated-44-117166.c", gpRunningTime = -1.506731s}