ExecutionWithChecksum {ewcTimeout = 60, ewcOutput = "", ewcError = "/tmp/kcc_default-44-117169: 1: /tmp/kcc_default-44-117169: cannot open H\133\192t\ENQ\232\203\ETXH\131\196\b\195\&1\237I\137\209^H\137\226H\131\228\240PTI\199\192\160*^H\199\193\&0*^H\199\199: No such file\n/tmp/kcc_default-44-117169: 1: /tmp/kcc_default-44-117169: \ACK\ENQ@@@@@\248\SOH\248\SOH\b\ETX\EOT8\STX8\STX@8\STX@\FS\FS\SOH\SOH\ENQ@@d\194#d\194#: not found\n", ewcChecksum = Nothing, ewcRunningTime = 0.503626s, ewcExecutablePath = "/tmp/kcc_default-44-117169"}