CompiledProgram {cpTimeout = 10, cpVersion = "gcc (Ubuntu 4.8.4-2ubuntu1~14.04.4) 4.8.4\nCopyright (C) 2013 Free Software Foundation, Inc.\nThis is free software; see the source for copying conditions.  There is NO\nwarranty; not even for MERCHANTABILITY or FITNESS FOR A PARTICULAR PURPOSE.\n\n", cpOutput = "", cpError = "", cpRunningTime = 0.500765s, cpExecutablePath = Just "/tmp/gcc_default-17-44689", cpCompilerTag = "gcc_default"}