GeneratedProgram {gpTimeout = 10, gpSeed = Just 1069403962, gpArguments = ["--no-packed-struct"], gpVersion = "csmith 2.3.0\nGit version: 30dccd7\n", gpOptions = Just "--no-packed-struct", gpProgramPath = "/tmp/csmith-generated-66-3744.c", gpRunningTime = -1.031956s}