ExecutionWithChecksum {ewcTimeout = 60, ewcOutput = "checksum = A737CAE1\n", ewcError = "Conversion to signed integer outside the range that can be represented:\n      > in func_1 at /tmp/csmith-generated-17-44685.c:52:5\n        in main at /tmp/csmith-generated-17-44685.c:67:5\n\n    Implementation defined behavior (IMPL-CCV2):\n        see C11 section 6.3.1.3:3 http://rvdoc.org/C11/6.3.1.3\n        see C11 section J.3.5:1 item 4 http://rvdoc.org/C11/J.3.5\n        see CERT-C section INT31-C http://rvdoc.org/CERT-C/INT31-C\n\n", ewcChecksum = Just 2805451489, ewcRunningTime = 2.504547s, ewcExecutablePath = "/tmp/kcc_default-17-44688"}