CompiledProgram {cpTimeout = 60, cpVersion = "The CompCert C verified compiler, version 3.2\n", cpOutput = "", cpError = "/tmp/csmith-generated-218-10710.c:336: warning: incompatible conversion assigning to 'int16_t *' from 'uint16_t *'\n/tmp/csmith-generated-218-10710.c:743: warning: comparison of distinct pointer types ('int16_t *' and 'uint16_t *') [-Wcompare-distinct-pointer-types]\n", cpRunningTime = 4.002861s, cpExecutablePath = Just "/tmp/ccomp_default-218-10712", cpCompilerTag = "ccomp_default"}