CompiledProgram {cpTimeout = 10, cpVersion = "gcc (Ubuntu 4.8.4-2ubuntu1~14.04.4) 4.8.4\nCopyright (C) 2013 Free Software Foundation, Inc.\nThis is free software; see the source for copying conditions.  There is NO\nwarranty; not even for MERCHANTABILITY or FITNESS FOR A PARTICULAR PURPOSE.\n\n", cpOutput = "", cpError = "/tmp/csmith-generated-218-10710.c: In function 'func_1':\n/tmp/csmith-generated-218-10710.c:165:5: warning: large integer implicitly truncated to unsigned type [-Woverflow]\n     uint32_t l_880 = 18446744073709551611UL;\n     ^\n/tmp/csmith-generated-218-10710.c:174:9: warning: large integer implicitly truncated to unsigned type [-Woverflow]\n         l_7[i] = 18446744073709551610UL;\n         ^\n/tmp/csmith-generated-218-10710.c:289:25: warning: overflow in implicit constant conversion [-Woverflow]\n                         (*l_886) = func_92(((((0L ^ ((*l_29) ^ ((***l_776) = 0xBAF3E2504412E354LL))) , (*g_466)) != l_885) , l_849[1]), ((*l_887) = l_886), (+0xE887L));\n                         ^\n/tmp/csmith-generated-218-10710.c:295:255: warning: comparison of distinct pointer types lacks a cast [enabled by default]\n                     (*l_794) ^= (((*g_254) & 3UL) & (((0xC5897484L <= ((safe_sub_func_uint8_t_u_u(l_892, (0x00494F97L <= (((safe_sub_func_uint8_t_u_u(((((((void*)0 != &g_545) != (*l_29)) ^ (safe_unary_minus_func_int32_t_s((**l_886)))) , &g_884[1][8][6]) == g_896), (**l_886))) && 0x8556L) ^ (*g_247))))) | (**l_886))) , (**l_886)) < l_892));\n                                                                                                                                                                                                                                                               ^\n/tmp/csmith-generated-218-10710.c:298:82: warning: comparison of distinct pointer types lacks a cast [enabled by default]\n             if ((l_898[3][2] == ((safe_sub_func_uint64_t_u_u((((*l_904) = l_901) != (*g_466)), (safe_lshift_func_int16_t_s_u(((safe_rshift_func_uint16_t_u_u(((g_625.f2 = g_693[4][2][0]) != (safe_lshift_func_uint16_t_u_u((((safe_lshift_func_int16_t_s_u(((safe_rshift_func_int8_t_s_s((safe_mul_func_uint8_t_u_u((((*g_243) == l_917) >= ((~((safe_add_func_int32_t_s_s(((+(((g_729[5] <= (((((*g_546) && (safe_div_func_uint16_t_u_u(g_729[0], (-7L)))) || (*g_692)) , g_924[0]) , (**l_886))) , (*g_80)) ^ 0x0521A305L)) > (**l_886)), 1L)) || (*l_29))) , (-1L))), (*l_29))), 0)) , (*l_29)), (**l_886))) && 0x93FE1B70L) | 0x5A3B74F889F939DFLL), 9))), g_89)) != (**l_886)), g_727)))) < 1L)))\n                                                                                  ^\n/tmp/csmith-generated-218-10710.c:369:25: warning: large integer implicitly truncated to unsigned type [-Woverflow]\n                         uint32_t l_1013 = 18446744073709551610UL;\n                         ^\n/tmp/csmith-generated-218-10710.c: In function 'func_36':\n/tmp/csmith-generated-218-10710.c:498:5: warning: large integer implicitly truncated to unsigned type [-Woverflow]\n     uint32_t l_704 = 18446744073709551609UL;\n     ^\n/tmp/csmith-generated-218-10710.c: In function 'func_53':\n/tmp/csmith-generated-218-10710.c:553:9: warning: large integer implicitly truncated to unsigned type [-Woverflow]\n         const uint32_t l_294[10][9][2] = {{{0xFA879EB5L,0xFA879EB5L},{18446744073709551614UL,0xFA879EB5L},{0xFA879EB5L,18446744073709551614UL},{0xFA879EB5L,0xFA879EB5L},{18446744073709551614UL,0xFA879EB5L},{0xFA879EB5L,18446744073709551614UL},{0xFA879EB5L,0xFA879EB5L},{18446744073709551614UL,0xFA879EB5L},{0xFA879EB5L,18446744073709551614UL}},{{0xFA879EB5L,0xFA879EB5L},{18446744073709551614UL,0xFA879EB5L},{0xFA879EB5L,18446744073709551614UL},{0xFA879EB5L,0xFA879EB5L},{18446744073709551614UL,0xFA879EB5L},{0xFA879EB5L,18446744073709551614UL},{0xFA879EB5L,0xFA879EB5L},{18446744073709551614UL,0xFA879EB5L},{0xFA879EB5L,18446744073709551614UL}},{{0xFA879EB5L,0xFA879EB5L},{18446744073709551614UL,0xFA879EB5L},{0xFA879EB5L,18446744073709551614UL},{0xFA879EB5L,0xFA879EB5L},{18446744073709551614UL,0xFA879EB5L},{0xFA879EB5L,18446744073709551614UL},{0xFA879EB5L,0xFA879EB5L},{18446744073709551614UL,0xFA879EB5L},{0xFA879EB5L,18446744073709551614UL}},{{0xFA879EB5L,0xFA879EB5L},{18446744073709551614UL,0xFA879EB5L},{0xFA879EB5L,18446744073709551614UL},{0xFA879EB5L,0xFA879EB5L},{18446744073709551614UL,0xFA879EB5L},{0xFA879EB5L,18446744073709551614UL},{0xFA879EB5L,0xFA879EB5L},{18446744073709551614UL,0xFA879EB5L},{0xFA879EB5L,18446744073709551614UL}},{{0xFA879EB5L,0xFA879EB5L},{18446744073709551614UL,0xFA879EB5L},{0xFA879EB5L,18446744073709551614UL},{0xFA879EB5L,0xFA879EB5L},{18446744073709551614UL,0xFA879EB5L},{0xFA879EB5L,18446744073709551614UL},{0xFA879EB5L,0xFA879EB5L},{18446744073709551614UL,0xFA879EB5L},{0xFA879EB5L,18446744073709551614UL}},{{0xFA879EB5L,0xFA879EB5L},{18446744073709551614UL,0xFA879EB5L},{0xFA879EB5L,18446744073709551614UL},{0xFA879EB5L,0xFA879EB5L},{18446744073709551614UL,0xFA879EB5L},{0xFA879EB5L,18446744073709551614UL},{0xFA879EB5L,0xFA879EB5L},{18446744073709551614UL,0xFA879EB5L},{0xFA879EB5L,18446744073709551614UL}},{{0xFA879EB5L,0xFA879EB5L},{18446744073709551614UL,0xFA879EB5L},{0xFA879EB5L,18446744073709551614UL},{0xFA879EB5L,0xFA879EB5L},{18446744073709551614UL,0xFA879EB5L},{0xFA879EB5L,18446744073709551614UL},{0xFA879EB5L,0xFA879EB5L},{18446744073709551614UL,0xFA879EB5L},{0xFA879EB5L,18446744073709551614UL}},{{0xFA879EB5L,0xFA879EB5L},{18446744073709551614UL,0xFA879EB5L},{0xFA879EB5L,18446744073709551614UL},{0xFA879EB5L,18446744073709551614UL},{18446744073709551610UL,18446744073709551614UL},{18446744073709551614UL,18446744073709551610UL},{18446744073709551614UL,18446744073709551614UL},{18446744073709551610UL,18446744073709551614UL},{18446744073709551614UL,18446744073709551610UL}},{{18446744073709551614UL,18446744073709551614UL},{18446744073709551610UL,18446744073709551614UL},{18446744073709551614UL,18446744073709551610UL},{18446744073709551614UL,18446744073709551614UL},{18446744073709551610UL,18446744073709551614UL},{18446744073709551614UL,18446744073709551610UL},{18446744073709551614UL,18446744073709551614UL},{18446744073709551610UL,18446744073709551614UL},{18446744073709551614UL,18446744073709551610UL}},{{18446744073709551614UL,18446744073709551614UL},{18446744073709551610UL,18446744073709551614UL},{18446744073709551614UL,18446744073709551610UL},{18446744073709551614UL,18446744073709551614UL},{18446744073709551610UL,18446744073709551614UL},{18446744073709551614UL,18446744073709551610UL},{18446744073709551614UL,18446744073709551614UL},{18446744073709551610UL,18446744073709551614UL},{18446744073709551614UL,18446744073709551610UL}}};\n         ^\n/tmp/csmith-generated-218-10710.c:553:9: warning: large integer implicitly truncated to unsigned type [-Woverflow]\n/tmp/csmith-generated-218-10710.c:553:9: warning: large integer implicitly truncated to unsigned type [-Woverflow]\n/tmp/csmith-generated-218-10710.c:553:9: warning: large integer implicitly truncated to unsigned type [-Woverflow]\n/tmp/csmith-generated-218-10710.c:553:9: warning: large integer implicitly truncated to unsigned type [-Woverflow]\n/tmp/csmith-generated-218-10710.c:553:9: warning: large integer implicitly truncated to unsigned type [-Woverflow]\n/tmp/csmith-generated-218-10710.c:553:9: warning: large integer implicitly truncated to unsigned type [-Woverflow]\n/tmp/csmith-generated-218-10710.c:553:9: warning: large integer implicitly truncated to unsigned type [-Woverflow]\n/tmp/csmith-generated-218-10710.c:553:9: warning: large integer implicitly truncated to unsigned type [-Woverflow]\n/tmp/csmith-generated-218-10710.c:553:9: warning: large integer implicitly truncated to unsigned type [-Woverflow]\n/tmp/csmith-generated-218-10710.c:553:9: warning: large integer implicitly truncated to unsigned type [-Woverflow]\n/tmp/csmith-generated-218-10710.c:553:9: warning: large integer implicitly truncated to unsigned type [-Woverflow]\n/tmp/csmith-generated-218-10710.c:553:9: warning: large integer implicitly truncated to unsigned type [-Woverflow]\n/tmp/csmith-generated-218-10710.c:553:9: warning: large integer implicitly truncated to unsigned type [-Woverflow]\n/tmp/csmith-generated-218-10710.c:553:9: warning: large integer implicitly truncated to unsigned type [-Woverflow]\n/tmp/csmith-generated-218-10710.c:553:9: warning: large integer implicitly truncated to unsigned type [-Woverflow]\n/tmp/csmith-generated-218-10710.c:553:9: warning: large integer implicitly truncated to unsigned type [-Woverflow]\n/tmp/csmith-generated-218-10710.c:553:9: warning: large integer implicitly truncated to unsigned type [-Woverflow]\n/tmp/csmith-generated-218-10710.c:553:9: warning: large integer implicitly truncated to unsigned type [-Woverflow]\n/tmp/csmith-generated-218-10710.c:553:9: warning: large integer implicitly truncated to unsigned type [-Woverflow]\n/tmp/csmith-generated-218-10710.c:553:9: warning: large integer implicitly truncated to unsigned type [-Woverflow]\n/tmp/csmith-generated-218-10710.c:553:9: warning: large integer implicitly truncated to unsigned type [-Woverflow]\n/tmp/csmith-generated-218-10710.c:553:9: warning: large integer implicitly truncated to unsigned type [-Woverflow]\n/tmp/csmith-generated-218-10710.c:553:9: warning: large integer implicitly truncated to unsigned type [-Woverflow]\n/tmp/csmith-generated-218-10710.c:553:9: warning: large integer implicitly truncated to unsigned type [-Woverflow]\n/tmp/csmith-generated-218-10710.c:553:9: warning: large integer implicitly truncated to unsigned type [-Woverflow]\n/tmp/csmith-generated-218-10710.c:553:9: warning: large integer implicitly truncated to unsigned type [-Woverflow]\n/tmp/csmith-generated-218-10710.c:553:9: warning: large integer implicitly truncated to unsigned type [-Woverflow]\n/tmp/csmith-generated-218-10710.c:553:9: warning: large integer implicitly truncated to unsigned type [-Woverflow]\n/tmp/csmith-generated-218-10710.c:553:9: warning: large integer implicitly truncated to unsigned type [-Woverflow]\n/tmp/csmith-generated-218-10710.c:553:9: warning: large integer implicitly truncated to unsigned type [-Woverflow]\n/tmp/csmith-generated-218-10710.c:553:9: warning: large integer implicitly truncated to unsigned type [-Woverflow]\n/tmp/csmith-generated-218-10710.c:553:9: warning: large integer implicitly truncated to unsigned type [-Woverflow]\n/tmp/csmith-generated-218-10710.c:553:9: warning: large integer implicitly truncated to unsigned type [-Woverflow]\n/tmp/csmith-generated-218-10710.c:553:9: warning: large integer implicitly truncated to unsigned type [-Woverflow]\n/tmp/csmith-generated-218-10710.c:553:9: warning: large integer implicitly truncated to unsigned type [-Woverflow]\n/tmp/csmith-generated-218-10710.c:553:9: warning: large integer implicitly truncated to unsigned type [-Woverflow]\n/tmp/csmith-generated-218-10710.c:553:9: warning: large integer implicitly truncated to unsigned type [-Woverflow]\n/tmp/csmith-generated-218-10710.c:553:9: warning: large integer implicitly truncated to unsigned type [-Woverflow]\n/tmp/csmith-generated-218-10710.c:553:9: warning: large integer implicitly truncated to unsigned type [-Woverflow]\n/tmp/csmith-generated-218-10710.c:553:9: warning: large integer implicitly truncated to unsigned type [-Woverflow]\n/tmp/csmith-generated-218-10710.c:553:9: warning: large integer implicitly truncated to unsigned type [-Woverflow]\n/tmp/csmith-generated-218-10710.c:553:9: warning: large integer implicitly truncated to unsigned type [-Woverflow]\n/tmp/csmith-generated-218-10710.c:553:9: warning: large integer implicitly truncated to unsigned type [-Woverflow]\n/tmp/csmith-generated-218-10710.c:553:9: warning: large integer implicitly truncated to unsigned type [-Woverflow]\n/tmp/csmith-generated-218-10710.c:553:9: warning: large integer implicitly truncated to unsigned type [-Woverflow]\n/tmp/csmith-generated-218-10710.c:553:9: warning: large integer implicitly truncated to unsigned type [-Woverflow]\n/tmp/csmith-generated-218-10710.c:553:9: warning: large integer implicitly truncated to unsigned type [-Woverflow]\n/tmp/csmith-generated-218-10710.c:553:9: warning: large integer implicitly truncated to unsigned type [-Woverflow]\n/tmp/csmith-generated-218-10710.c:553:9: warning: large integer implicitly truncated to unsigned type [-Woverflow]\n/tmp/csmith-generated-218-10710.c:553:9: warning: large integer implicitly truncated to unsigned type [-Woverflow]\n/tmp/csmith-generated-218-10710.c:553:9: warning: large integer implicitly truncated to unsigned type [-Woverflow]\n/tmp/csmith-generated-218-10710.c:553:9: warning: large integer implicitly truncated to unsigned type [-Woverflow]\n/tmp/csmith-generated-218-10710.c:553:9: warning: large integer implicitly truncated to unsigned type [-Woverflow]\n/tmp/csmith-generated-218-10710.c:553:9: warning: large integer implicitly truncated to unsigned type [-Woverflow]\n/tmp/csmith-generated-218-10710.c:553:9: warning: large integer implicitly truncated to unsigned type [-Woverflow]\n/tmp/csmith-generated-218-10710.c:553:9: warning: large integer implicitly truncated to unsigned type [-Woverflow]\n/tmp/csmith-generated-218-10710.c:553:9: warning: large integer implicitly truncated to unsigned type [-Woverflow]\n/tmp/csmith-generated-218-10710.c:553:9: warning: large integer implicitly truncated to unsigned type [-Woverflow]\n/tmp/csmith-generated-218-10710.c:553:9: warning: large integer implicitly truncated to unsigned type [-Woverflow]\n/tmp/csmith-generated-218-10710.c:553:9: warning: large integer implicitly truncated to unsigned type [-Woverflow]\n/tmp/csmith-generated-218-10710.c:553:9: warning: large integer implicitly truncated to unsigned type [-Woverflow]\n/tmp/csmith-generated-218-10710.c:553:9: warning: large integer implicitly truncated to unsigned type [-Woverflow]\n/tmp/csmith-generated-218-10710.c:553:9: warning: large integer implicitly truncated to unsigned type [-Woverflow]\n/tmp/csmith-generated-218-10710.c:553:9: warning: large integer implicitly truncated to unsigned type [-Woverflow]\n/tmp/csmith-generated-218-10710.c:553:9: warning: large integer implicitly truncated to unsigned type [-Woverflow]\n/tmp/csmith-generated-218-10710.c:553:9: warning: large integer implicitly truncated to unsigned type [-Woverflow]\n/tmp/csmith-generated-218-10710.c:553:9: warning: large integer implicitly truncated to unsigned type [-Woverflow]\n/tmp/csmith-generated-218-10710.c:553:9: warning: large integer implicitly truncated to unsigned type [-Woverflow]\n/tmp/csmith-generated-218-10710.c:553:9: warning: large integer implicitly truncated to unsigned type [-Woverflow]\n/tmp/csmith-generated-218-10710.c:553:9: warning: large integer implicitly truncated to unsigned type [-Woverflow]\n/tmp/csmith-generated-218-10710.c:553:9: warning: large integer implicitly truncated to unsigned type [-Woverflow]\n/tmp/csmith-generated-218-10710.c:553:9: warning: large integer implicitly truncated to unsigned type [-Woverflow]\n/tmp/csmith-generated-218-10710.c:553:9: warning: large integer implicitly truncated to unsigned type [-Woverflow]\n/tmp/csmith-generated-218-10710.c:553:9: warning: large integer implicitly truncated to unsigned type [-Woverflow]\n/tmp/csmith-generated-218-10710.c:553:9: warning: large integer implicitly truncated to unsigned type [-Woverflow]\n/tmp/csmith-generated-218-10710.c:553:9: warning: large integer implicitly truncated to unsigned type [-Woverflow]\n/tmp/csmith-generated-218-10710.c:553:9: warning: large integer implicitly truncated to unsigned type [-Woverflow]\n/tmp/csmith-generated-218-10710.c:553:9: warning: large integer implicitly truncated to unsigned type [-Woverflow]\n/tmp/csmith-generated-218-10710.c:553:9: warning: large integer implicitly truncated to unsigned type [-Woverflow]\n/tmp/csmith-generated-218-10710.c:553:9: warning: large integer implicitly truncated to unsigned type [-Woverflow]\n/tmp/csmith-generated-218-10710.c:553:9: warning: large integer implicitly truncated to unsigned type [-Woverflow]\n/tmp/csmith-generated-218-10710.c:553:9: warning: large integer implicitly truncated to unsigned type [-Woverflow]\n/tmp/csmith-generated-218-10710.c:553:9: warning: large integer implicitly truncated to unsigned type [-Woverflow]\n/tmp/csmith-generated-218-10710.c:553:9: warning: large integer implicitly truncated to unsigned type [-Woverflow]\n/tmp/csmith-generated-218-10710.c:553:9: warning: large integer implicitly truncated to unsigned type [-Woverflow]\n/tmp/csmith-generated-218-10710.c:553:9: warning: large integer implicitly truncated to unsigned type [-Woverflow]\n/tmp/csmith-generated-218-10710.c:553:9: warning: large integer implicitly truncated to unsigned type [-Woverflow]\n/tmp/csmith-generated-218-10710.c:553:9: warning: large integer implicitly truncated to unsigned type [-Woverflow]\n/tmp/csmith-generated-218-10710.c:553:9: warning: large integer implicitly truncated to unsigned type [-Woverflow]\n/tmp/csmith-generated-218-10710.c:553:9: warning: large integer implicitly truncated to unsigned type [-Woverflow]\n/tmp/csmith-generated-218-10710.c: In function 'func_65':\n/tmp/csmith-generated-218-10710.c:743:223: warning: comparison of distinct pointer types lacks a cast [enabled by default]\n                         l_194 |= (safe_unary_minus_func_int32_t_s(((*l_191) |= ((g_35[2] == (((((void*)0 != &g_168[7][2][0]) & (safe_sub_func_uint16_t_u_u((l_171 = (safe_sub_func_uint64_t_u_u((((*l_178) = &g_168[3][1][0]) != p_66), (l_166 && (safe_mul_func_uint16_t_u_u(((safe_lshift_func_int16_t_s_u(((**l_96) <= (+(safe_lshift_func_uint8_t_u_s((g_192[1] = ((((*l_96) == ((safe_lshift_func_uint16_t_u_u((((~(((void*)0 == l_189) ^ p_67)) , g_91) && p_67), l_190)) , l_191)) >= p_67) , 248UL)), 2)))), (*p_66))) & l_87[g_81]), l_155)))))), (*l_189)))) , g_193) , (*g_90))) == g_91))));\n                                                                                                                                                                                                                               ^\n", cpRunningTime = 0.500924s, cpExecutablePath = Just "/tmp/gcc_default-218-10714", cpCompilerTag = "gcc_default"}