ExecutionWithChecksum {ewcTimeout = 60, ewcOutput = "checksum = E6AFD11\n", ewcError = "", ewcChecksum = Just 241892625, ewcRunningTime = 0.501257s, ewcExecutablePath = "/tmp/gcc_default-218-10714"}