GeneratedProgram {gpTimeout = 10, gpSeed = Just 1379731658, gpArguments = ["--no-packed-struct"], gpVersion = "csmith 2.3.0\nGit version: 30dccd7\n", gpOptions = Just "--no-packed-struct", gpProgramPath = "/tmp/csmith-generated-218-10710.c", gpRunningTime = -1.010234s}