ExecutionWithChecksum {ewcTimeout = 60, ewcOutput = "checksum = E6AFD11\n", ewcError = "Conversion to signed integer outside the range that can be represented:\n      > in func_1 at /tmp/csmith-generated-218-10710.c:177:5\n        in main at /tmp/csmith-generated-218-10710.c:859:5\n\n    Implementation defined behavior (IMPL-CCV2):\n        see C11 section 6.3.1.3:3 http://rvdoc.org/C11/6.3.1.3\n        see C11 section J.3.5:1 item 4 http://rvdoc.org/C11/J.3.5\n        see CERT-C section INT31-C http://rvdoc.org/CERT-C/INT31-C\n\nConversion to signed integer outside the range that can be represented:\n      > in func_1 at /tmp/csmith-generated-218-10710.c:178:5\n        in main at /tmp/csmith-generated-218-10710.c:859:5\n\n    Implementation defined behavior (IMPL-CCV2):\n        see C11 section 6.3.1.3:3 http://rvdoc.org/C11/6.3.1.3\n        see C11 section J.3.5:1 item 4 http://rvdoc.org/C11/J.3.5\n        see CERT-C section INT31-C http://rvdoc.org/CERT-C/INT31-C\n\nConversion to signed integer outside the range that can be represented:\n      > in func_1 at /tmp/csmith-generated-218-10710.c:194:10\n        in main at /tmp/csmith-generated-218-10710.c:859:5\n\n    Implementation defined behavior (IMPL-CCV2):\n        see C11 section 6.3.1.3:3 http://rvdoc.org/C11/6.3.1.3\n        see C11 section J.3.5:1 item 4 http://rvdoc.org/C11/J.3.5\n        see CERT-C section INT31-C http://rvdoc.org/CERT-C/INT31-C\n\nTrying to access an object declared with volatile type through a non-volatile lvalue:\n      > in main at /tmp/csmith-generated-218-10710.c:923:5\n\n    Undefined behavior (UB-EIO9):\n        see C11 section 6.7.3:6 http://rvdoc.org/C11/6.7.3\n        see C11 section J.2:1 item 65 http://rvdoc.org/C11/J.2\n        see CERT-C section EXP32-C http://rvdoc.org/CERT-C/EXP32-C\n        see MISRA-C section 8.1:3 http://rvdoc.org/MISRA-C/8.1\n\nTrying to access an object declared with volatile type through a non-volatile lvalue:\n      > in main at /tmp/csmith-generated-218-10710.c:924:5\n\n    Undefined behavior (UB-EIO9):\n        see C11 section 6.7.3:6 http://rvdoc.org/C11/6.7.3\n        see C11 section J.2:1 item 65 http://rvdoc.org/C11/J.2\n        see CERT-C section EXP32-C http://rvdoc.org/CERT-C/EXP32-C\n        see MISRA-C section 8.1:3 http://rvdoc.org/MISRA-C/8.1\n\nTrying to access an object declared with volatile type through a non-volatile lvalue:\n      > in main at /tmp/csmith-generated-218-10710.c:935:5\n\n    Undefined behavior (UB-EIO9):\n        see C11 section 6.7.3:6 http://rvdoc.org/C11/6.7.3\n        see C11 section J.2:1 item 65 http://rvdoc.org/C11/J.2\n        see CERT-C section EXP32-C http://rvdoc.org/CERT-C/EXP32-C\n        see MISRA-C section 8.1:3 http://rvdoc.org/MISRA-C/8.1\n\n", ewcChecksum = Just 241892625, ewcRunningTime = 3.503667s, ewcExecutablePath = "/tmp/kcc_default-218-10713"}